
--- CMD: uv run python -m rag_pipeline.ingestion.ingest_models --models "BAAI/bge-base-en-v1.5" --encode-mode "qa" --no-skip-existing
--- RC: 0
2026-05-31 14:20:55,732 - rag_pipeline.ingestion.benchmark_loader - INFO - Loaded 11 model entries from /workspaces/RAG-a-muffin/configs/models.json
2026-05-31 14:20:56,003 - __main__ - INFO - Loaded 1207 documents from /workspaces/RAG-a-muffin/data/processed/clean.jsonl (0 skipped)
2026-05-31 14:20:56,095 - __main__ - INFO - Connected to Qdrant at localhost:6333
2026-05-31 14:20:56,095 - rag_pipeline.ingestion.benchmark_loader - INFO - Loaded 11 model entries from /workspaces/RAG-a-muffin/configs/models.json
2026-05-31 14:20:56,095 - __main__ - INFO - Ingesting 1 model(s): ['BAAI/bge-base-en-v1.5']
2026-05-31 14:20:56,095 - __main__ - INFO - ============================================================
2026-05-31 14:20:56,095 - __main__ - INFO - Model      : BAAI/bge-base-en-v1.5
2026-05-31 14:20:56,095 - __main__ - INFO - Collection : faqs_bge_base_en_v1_5_qa
2026-05-31 14:20:56,098 - __main__ - INFO - Loaded embeddings from cache: /workspaces/RAG-a-muffin/experiments/embeddings/bge_base_en_v1_5_qa.npy shape=(1207, 768)
2026-05-31 14:20:56,098 - __main__ - INFO - Embedding dims: 768
2026-05-31 14:20:56,535 - __main__ - INFO - Loaded NER enrichment for 1207 documents for 'BAAI/bge-base-en-v1.5'
2026-05-31 14:20:56,560 - __main__ - INFO - ✅ NER coverage: 1207/1207 documents (100%)
2026-05-31 14:20:56,565 - __main__ - INFO - Deleting existing collection: faqs_bge_base_en_v1_5_qa
2026-05-31 14:20:56,659 - __main__ - INFO - Upserting 1207 points to Qdrant…

Batches:   0%|          | 0/13 [00:00<?, ?it/s]
Batches:  15%|█▌        | 2/13 [00:00<00:00, 11.94it/s]
Batches:  31%|███       | 4/13 [00:00<00:00, 12.62it/s]
Batches:  46%|████▌     | 6/13 [00:00<00:00, 13.32it/s]
Batches:  62%|██████▏   | 8/13 [00:00<00:00, 13.50it/s]
Batches:  77%|███████▋  | 10/13 [00:00<00:00, 13.56it/s]
Batches:  92%|█████████▏| 12/13 [00:00<00:00, 13.58it/s]
Batches: 100%|██████████| 13/13 [00:00<00:00, 14.26it/s]
2026-05-31 14:20:57,578 - __main__ - INFO - ✅ Done: 1207 documents indexed in 'faqs_bge_base_en_v1_5_qa'
2026-05-31 14:20:57,579 - __main__ - INFO - ============================================================
2026-05-31 14:20:57,579 - __main__ - INFO - INGESTION COMPLETE
2026-05-31 14:20:57,579 - __main__ - INFO - ============================================================
2026-05-31 14:20:57,579 - __main__ - INFO - Successful: 1 models
2026-05-31 14:20:57,579 - __main__ - INFO -    - BAAI/bge-base-en-v1.5
2026-05-31 14:20:57,579 - __main__ - INFO - All models ingested successfully.

--- CMD: uv run python -m rag_pipeline.ingestion.ingest_models --models "BAAI/bge-base-en-v1.5" --encode-mode "qa" --no-skip-existing
--- RC: 0
2026-05-31 14:33:53,502 - rag_pipeline.ingestion.benchmark_loader - INFO - Loaded 11 model entries from /workspaces/RAG-a-muffin/configs/models.json
2026-05-31 14:33:53,965 - __main__ - INFO - Loaded 1207 documents from /workspaces/RAG-a-muffin/data/processed/clean.jsonl (0 skipped)
2026-05-31 14:33:54,086 - __main__ - INFO - Connected to Qdrant at localhost:6333
2026-05-31 14:33:54,087 - rag_pipeline.ingestion.benchmark_loader - INFO - Loaded 11 model entries from /workspaces/RAG-a-muffin/configs/models.json
2026-05-31 14:33:54,087 - __main__ - INFO - Ingesting 1 model(s): ['BAAI/bge-base-en-v1.5']
2026-05-31 14:33:54,087 - __main__ - INFO - ============================================================
2026-05-31 14:33:54,087 - __main__ - INFO - Model      : BAAI/bge-base-en-v1.5
2026-05-31 14:33:54,087 - __main__ - INFO - Collection : faqs_bge_base_en_v1_5_qa
2026-05-31 14:33:54,093 - __main__ - INFO - Loaded embeddings from cache: /workspaces/RAG-a-muffin/experiments/embeddings/bge_base_en_v1_5_qa.npy shape=(1207, 768)
2026-05-31 14:33:54,093 - __main__ - INFO - Embedding dims: 768
2026-05-31 14:33:54,817 - __main__ - INFO - Loaded NER enrichment for 1207 documents for 'BAAI/bge-base-en-v1.5'
2026-05-31 14:33:54,856 - __main__ - INFO - ✅ NER coverage: 1207/1207 documents (100%)
2026-05-31 14:33:54,864 - __main__ - INFO - Deleting existing collection: faqs_bge_base_en_v1_5_qa
2026-05-31 14:33:54,956 - __main__ - INFO - Upserting 1207 points to Qdrant…

Batches:   0%|          | 0/13 [00:00<?, ?it/s]
Batches:  15%|█▌        | 2/13 [00:00<00:00, 12.25it/s]
Batches:  31%|███       | 4/13 [00:00<00:00, 12.90it/s]
Batches:  46%|████▌     | 6/13 [00:00<00:00, 13.15it/s]
Batches:  62%|██████▏   | 8/13 [00:00<00:00, 13.51it/s]
Batches:  77%|███████▋  | 10/13 [00:00<00:00, 13.51it/s]
Batches:  92%|█████████▏| 12/13 [00:00<00:00, 13.47it/s]
Batches: 100%|██████████| 13/13 [00:00<00:00, 14.18it/s]
2026-05-31 14:33:55,882 - __main__ - INFO - ✅ Done: 1207 documents indexed in 'faqs_bge_base_en_v1_5_qa'
2026-05-31 14:33:55,883 - __main__ - INFO - ============================================================
2026-05-31 14:33:55,883 - __main__ - INFO - INGESTION COMPLETE
2026-05-31 14:33:55,883 - __main__ - INFO - ============================================================
2026-05-31 14:33:55,883 - __main__ - INFO - Successful: 1 models
2026-05-31 14:33:55,883 - __main__ - INFO -    - BAAI/bge-base-en-v1.5
2026-05-31 14:33:55,883 - __main__ - INFO - All models ingested successfully.

--- CMD: uv run python -m rag_pipeline.ingestion.benchmark --model "BAAI/bge-base-en-v1.5" --configs entity_boosted --collection "faqs_bge_base_en_v1_5_qa"
--- RC: 0
[INFO] Running on 463 queries (full dataset: True)

==============================================================================================================
                                          RETRIEVAL BENCHMARK REPORT                                          
==============================================================================================================

Model                          Config                    H@1      H@5      MRR    p50(ms)
------------------------------ -------------------- -------- -------- -------- ----------
bge-base-en-v1.5               entity_boosted         89.8%   98.5%  0.9377       9.5

==============================================================================================================
OVERALL WINNER: bge-base-en-v1.5 | entity_boosted (MRR: 0.9377)
==============================================================================================================
2026-05-31 14:34:00,696 - rag_pipeline.ingestion.benchmark_loader - INFO - Loaded 11 model entries from /workspaces/RAG-a-muffin/configs/models.json
2026-05-31 14:34:00,696 - rag_pipeline.ingestion.benchmark_loader - INFO - Loaded 14 retrieval configs from /workspaces/RAG-a-muffin/configs/retrieval_configs.json
2026-05-31 14:34:00,696 - __main__ - INFO - Running configs subset: ['entity_boosted']
2026-05-31 14:34:00,706 - rag_pipeline.ingestion.benchmark_loader - WARNING - Test set line 315: expected_id 'da9f03ae67' not in corpus - skipping
2026-05-31 14:34:00,706 - rag_pipeline.ingestion.benchmark_loader - WARNING - Test set line 316: expected_id 'da9f03ae67' not in corpus - skipping
2026-05-31 14:34:00,706 - rag_pipeline.ingestion.benchmark_loader - WARNING - Test set line 317: expected_id 'da9f03ae67' not in corpus - skipping
2026-05-31 14:34:00,706 - rag_pipeline.ingestion.benchmark_loader - WARNING - Test set line 318: expected_id 'da9f03ae67' not in corpus - skipping
2026-05-31 14:34:00,706 - rag_pipeline.ingestion.benchmark_loader - WARNING - Test set line 319: expected_id 'da9f03ae67' not in corpus - skipping
2026-05-31 14:34:00,706 - rag_pipeline.ingestion.benchmark_loader - WARNING - Test set line 320: expected_id 'da9f03ae67' not in corpus - skipping
2026-05-31 14:34:00,706 - rag_pipeline.ingestion.benchmark_loader - WARNING - Test set line 321: expected_id 'da9f03ae67' not in corpus - skipping
2026-05-31 14:34:00,708 - rag_pipeline.ingestion.benchmark_loader - INFO - Loaded 463 test queries from /workspaces/RAG-a-muffin/data/processed/test.jsonl (7 skipped)
2026-05-31 14:34:00,708 - rag_pipeline.ingestion.benchmark_loader - INFO - Loaded 11 model entries from /workspaces/RAG-a-muffin/configs/models.json
2026-05-31 14:34:08,494 - rag_pipeline.ingestion.benchmark_loader - INFO - Loaded 1207 topic assignments for model 'BAAI/bge-base-en-v1.5' from /workspaces/RAG-a-muffin/src/rag_pipeline/eda/topics/output/topic_assignments_all.json
2026-05-31 14:34:08,531 - __main__ - INFO - Evaluating BAAI/bge-base-en-v1.5 | Configs: ['entity_boosted']
2026-05-31 14:34:08,531 - __main__ - INFO -   Running: entity_boosted
2026-05-31 14:34:08,531 - __main__ - INFO - Config dict: {'name': 'Entity Boosted', 'search_type': 'entity_boosted', 'rrf_k': 60, 'boost_question': 5.0, 'boost_text': 5.0}
2026-05-31 14:34:08,531 - __main__ - INFO - Collection: faqs_bge_base_en_v1_5_qa
2026-05-31 14:34:08,731 - rag_pipeline.ingestion.embedding_cache - INFO - Loaded embeddings from cache: /workspaces/RAG-a-muffin/experiments/embeddings/queries_baai_bge_base_en_v1.5.npy shape=(463, 768)
2026-05-31 14:34:13,520 - __main__ - INFO -     Hit@5=98.5%  MRR=0.9377
2026-05-31 14:34:13,530 - __main__ - INFO - QueryResults saved → /workspaces/RAG-a-muffin/experiments/results/entity_boosted_query_results.jsonl
2026-05-31 14:34:15,377 - rag_pipeline.ingestion.benchmark_persistence - INFO - Saved benchmark results to /workspaces/RAG-a-muffin/experiments/results/benchmark_results.json
2026-05-31 14:34:15,378 - __main__ - INFO - ✅ Benchmark complete!

--- CMD: uv run python -m rag_pipeline.ingestion.ingest_models --models "BAAI/bge-base-en-v1.5" --encode-mode "qa" --no-skip-existing
--- RC: 0
2026-05-31 14:38:35,293 - rag_pipeline.ingestion.benchmark_loader - INFO - Loaded 11 model entries from /workspaces/RAG-a-muffin/configs/models.json
2026-05-31 14:38:35,740 - __main__ - INFO - Loaded 1207 documents from /workspaces/RAG-a-muffin/data/processed/clean.jsonl (0 skipped)
2026-05-31 14:38:35,843 - __main__ - INFO - Connected to Qdrant at localhost:6333
2026-05-31 14:38:35,843 - rag_pipeline.ingestion.benchmark_loader - INFO - Loaded 11 model entries from /workspaces/RAG-a-muffin/configs/models.json
2026-05-31 14:38:35,843 - __main__ - INFO - Ingesting 1 model(s): ['BAAI/bge-base-en-v1.5']
2026-05-31 14:38:35,843 - __main__ - INFO - ============================================================
2026-05-31 14:38:35,843 - __main__ - INFO - Model      : BAAI/bge-base-en-v1.5
2026-05-31 14:38:35,843 - __main__ - INFO - Collection : faqs_bge_base_en_v1_5_qa
2026-05-31 14:38:35,847 - __main__ - INFO - Loaded embeddings from cache: /workspaces/RAG-a-muffin/experiments/embeddings/bge_base_en_v1_5_qa.npy shape=(1207, 768)
2026-05-31 14:38:35,847 - __main__ - INFO - Embedding dims: 768
2026-05-31 14:38:36,410 - __main__ - INFO - Loaded NER enrichment for 1207 documents for 'BAAI/bge-base-en-v1.5'
2026-05-31 14:38:36,436 - __main__ - INFO - ✅ NER coverage: 1207/1207 documents (100%)
2026-05-31 14:38:36,442 - __main__ - INFO - Deleting existing collection: faqs_bge_base_en_v1_5_qa
2026-05-31 14:38:36,533 - __main__ - INFO - Upserting 1207 points to Qdrant…

Batches:   0%|          | 0/13 [00:00<?, ?it/s]
Batches:  15%|█▌        | 2/13 [00:00<00:00, 12.01it/s]
Batches:  31%|███       | 4/13 [00:00<00:00, 12.74it/s]
Batches:  46%|████▌     | 6/13 [00:00<00:00, 13.19it/s]
Batches:  62%|██████▏   | 8/13 [00:00<00:00, 13.44it/s]
Batches:  77%|███████▋  | 10/13 [00:00<00:00, 13.55it/s]
Batches:  92%|█████████▏| 12/13 [00:00<00:00, 13.40it/s]
Batches: 100%|██████████| 13/13 [00:00<00:00, 14.14it/s]
2026-05-31 14:38:37,460 - __main__ - INFO - ✅ Done: 1207 documents indexed in 'faqs_bge_base_en_v1_5_qa'
2026-05-31 14:38:37,461 - __main__ - INFO - ============================================================
2026-05-31 14:38:37,462 - __main__ - INFO - INGESTION COMPLETE
2026-05-31 14:38:37,462 - __main__ - INFO - ============================================================
2026-05-31 14:38:37,462 - __main__ - INFO - Successful: 1 models
2026-05-31 14:38:37,462 - __main__ - INFO -    - BAAI/bge-base-en-v1.5
2026-05-31 14:38:37,462 - __main__ - INFO - All models ingested successfully.

--- CMD: uv run python -m rag_pipeline.ingestion.benchmark --model "BAAI/bge-base-en-v1.5" --configs entity_boosted --collection "faqs_bge_base_en_v1_5_qa"
--- RC: 0
[INFO] Running on 463 queries (full dataset: True)

==============================================================================================================
                                          RETRIEVAL BENCHMARK REPORT                                          
==============================================================================================================

Model                          Config                    H@1      H@5      MRR    p50(ms)
------------------------------ -------------------- -------- -------- -------- ----------
bge-base-en-v1.5               entity_boosted         89.8%   98.5%  0.9377       9.4

==============================================================================================================
OVERALL WINNER: bge-base-en-v1.5 | entity_boosted (MRR: 0.9377)
==============================================================================================================
2026-05-31 14:38:42,196 - rag_pipeline.ingestion.benchmark_loader - INFO - Loaded 11 model entries from /workspaces/RAG-a-muffin/configs/models.json
2026-05-31 14:38:42,196 - rag_pipeline.ingestion.benchmark_loader - INFO - Loaded 14 retrieval configs from /workspaces/RAG-a-muffin/configs/retrieval_configs.json
2026-05-31 14:38:42,196 - __main__ - INFO - Running configs subset: ['entity_boosted']
2026-05-31 14:38:42,206 - rag_pipeline.ingestion.benchmark_loader - WARNING - Test set line 315: expected_id 'da9f03ae67' not in corpus - skipping
2026-05-31 14:38:42,206 - rag_pipeline.ingestion.benchmark_loader - WARNING - Test set line 316: expected_id 'da9f03ae67' not in corpus - skipping
2026-05-31 14:38:42,206 - rag_pipeline.ingestion.benchmark_loader - WARNING - Test set line 317: expected_id 'da9f03ae67' not in corpus - skipping
2026-05-31 14:38:42,206 - rag_pipeline.ingestion.benchmark_loader - WARNING - Test set line 318: expected_id 'da9f03ae67' not in corpus - skipping
2026-05-31 14:38:42,206 - rag_pipeline.ingestion.benchmark_loader - WARNING - Test set line 319: expected_id 'da9f03ae67' not in corpus - skipping
2026-05-31 14:38:42,206 - rag_pipeline.ingestion.benchmark_loader - WARNING - Test set line 320: expected_id 'da9f03ae67' not in corpus - skipping
2026-05-31 14:38:42,206 - rag_pipeline.ingestion.benchmark_loader - WARNING - Test set line 321: expected_id 'da9f03ae67' not in corpus - skipping
2026-05-31 14:38:42,208 - rag_pipeline.ingestion.benchmark_loader - INFO - Loaded 463 test queries from /workspaces/RAG-a-muffin/data/processed/test.jsonl (7 skipped)
2026-05-31 14:38:42,208 - rag_pipeline.ingestion.benchmark_loader - INFO - Loaded 11 model entries from /workspaces/RAG-a-muffin/configs/models.json
2026-05-31 14:38:49,816 - rag_pipeline.ingestion.benchmark_loader - INFO - Loaded 1207 topic assignments for model 'BAAI/bge-base-en-v1.5' from /workspaces/RAG-a-muffin/src/rag_pipeline/eda/topics/output/topic_assignments_all.json
2026-05-31 14:38:49,840 - __main__ - INFO - Evaluating BAAI/bge-base-en-v1.5 | Configs: ['entity_boosted']
2026-05-31 14:38:49,840 - __main__ - INFO -   Running: entity_boosted
2026-05-31 14:38:49,840 - __main__ - INFO - Config dict: {'name': 'Entity Boosted', 'search_type': 'entity_boosted', 'rrf_k': 60, 'boost_question': 5.0, 'boost_text': 5.0}
2026-05-31 14:38:49,840 - __main__ - INFO - Collection: faqs_bge_base_en_v1_5_qa
2026-05-31 14:38:50,023 - rag_pipeline.ingestion.embedding_cache - INFO - Loaded embeddings from cache: /workspaces/RAG-a-muffin/experiments/embeddings/queries_baai_bge_base_en_v1.5.npy shape=(463, 768)
2026-05-31 14:38:54,775 - __main__ - INFO -     Hit@5=98.5%  MRR=0.9377
2026-05-31 14:38:54,783 - __main__ - INFO - QueryResults saved → /workspaces/RAG-a-muffin/experiments/results/entity_boosted_query_results.jsonl
2026-05-31 14:38:56,190 - rag_pipeline.ingestion.benchmark_persistence - INFO - Saved benchmark results to /workspaces/RAG-a-muffin/experiments/results/benchmark_results.json
2026-05-31 14:38:56,191 - __main__ - INFO - ✅ Benchmark complete!

--- CMD: uv run python -m rag_pipeline.ingestion.ingest_models --models "BAAI/bge-base-en-v1.5" --encode-mode "qa" --no-skip-existing
--- RC: 0
2026-05-31 14:39:33,245 - rag_pipeline.ingestion.benchmark_loader - INFO - Loaded 11 model entries from /workspaces/RAG-a-muffin/configs/models.json
2026-05-31 14:39:33,524 - __main__ - INFO - Loaded 1207 documents from /workspaces/RAG-a-muffin/data/processed/clean.jsonl (0 skipped)
2026-05-31 14:39:33,620 - __main__ - INFO - Connected to Qdrant at localhost:6333
2026-05-31 14:39:33,620 - rag_pipeline.ingestion.benchmark_loader - INFO - Loaded 11 model entries from /workspaces/RAG-a-muffin/configs/models.json
2026-05-31 14:39:33,621 - __main__ - INFO - Ingesting 1 model(s): ['BAAI/bge-base-en-v1.5']
2026-05-31 14:39:33,621 - __main__ - INFO - ============================================================
2026-05-31 14:39:33,621 - __main__ - INFO - Model      : BAAI/bge-base-en-v1.5
2026-05-31 14:39:33,621 - __main__ - INFO - Collection : faqs_bge_base_en_v1_5_qa
2026-05-31 14:39:33,623 - __main__ - INFO - Loaded embeddings from cache: /workspaces/RAG-a-muffin/experiments/embeddings/bge_base_en_v1_5_qa.npy shape=(1207, 768)
2026-05-31 14:39:33,623 - __main__ - INFO - Embedding dims: 768
2026-05-31 14:39:34,063 - __main__ - INFO - Loaded NER enrichment for 1207 documents for 'BAAI/bge-base-en-v1.5'
2026-05-31 14:39:34,089 - __main__ - INFO - ✅ NER coverage: 1207/1207 documents (100%)
2026-05-31 14:39:34,096 - __main__ - INFO - Deleting existing collection: faqs_bge_base_en_v1_5_qa
2026-05-31 14:39:34,191 - __main__ - INFO - Upserting 1207 points to Qdrant…

Batches:   0%|          | 0/13 [00:00<?, ?it/s]
Batches:  15%|█▌        | 2/13 [00:00<00:00, 12.51it/s]
Batches:  31%|███       | 4/13 [00:00<00:00, 13.08it/s]
Batches:  46%|████▌     | 6/13 [00:00<00:00, 13.24it/s]
Batches:  62%|██████▏   | 8/13 [00:00<00:00, 13.40it/s]
Batches:  77%|███████▋  | 10/13 [00:00<00:00, 13.55it/s]
Batches:  92%|█████████▏| 12/13 [00:00<00:00, 13.65it/s]
Batches: 100%|██████████| 13/13 [00:00<00:00, 14.33it/s]
2026-05-31 14:39:35,107 - __main__ - INFO - ✅ Done: 1207 documents indexed in 'faqs_bge_base_en_v1_5_qa'
2026-05-31 14:39:35,108 - __main__ - INFO - ============================================================
2026-05-31 14:39:35,108 - __main__ - INFO - INGESTION COMPLETE
2026-05-31 14:39:35,108 - __main__ - INFO - ============================================================
2026-05-31 14:39:35,108 - __main__ - INFO - Successful: 1 models
2026-05-31 14:39:35,108 - __main__ - INFO -    - BAAI/bge-base-en-v1.5
2026-05-31 14:39:35,108 - __main__ - INFO - All models ingested successfully.

--- CMD: uv run python -m rag_pipeline.ingestion.benchmark --model "BAAI/bge-base-en-v1.5" --configs entity_boosted --collection "faqs_bge_base_en_v1_5_qa"
--- RC: 0
[INFO] Running on 463 queries (full dataset: True)

==============================================================================================================
                                          RETRIEVAL BENCHMARK REPORT                                          
==============================================================================================================

Model                          Config                    H@1      H@5      MRR    p50(ms)
------------------------------ -------------------- -------- -------- -------- ----------
bge-base-en-v1.5               entity_boosted         89.8%   98.5%  0.9377       9.9

==============================================================================================================
OVERALL WINNER: bge-base-en-v1.5 | entity_boosted (MRR: 0.9377)
==============================================================================================================
2026-05-31 14:39:40,103 - rag_pipeline.ingestion.benchmark_loader - INFO - Loaded 11 model entries from /workspaces/RAG-a-muffin/configs/models.json
2026-05-31 14:39:40,103 - rag_pipeline.ingestion.benchmark_loader - INFO - Loaded 14 retrieval configs from /workspaces/RAG-a-muffin/configs/retrieval_configs.json
2026-05-31 14:39:40,103 - __main__ - INFO - Running configs subset: ['entity_boosted']
2026-05-31 14:39:40,113 - rag_pipeline.ingestion.benchmark_loader - WARNING - Test set line 315: expected_id 'da9f03ae67' not in corpus - skipping
2026-05-31 14:39:40,113 - rag_pipeline.ingestion.benchmark_loader - WARNING - Test set line 316: expected_id 'da9f03ae67' not in corpus - skipping
2026-05-31 14:39:40,113 - rag_pipeline.ingestion.benchmark_loader - WARNING - Test set line 317: expected_id 'da9f03ae67' not in corpus - skipping
2026-05-31 14:39:40,113 - rag_pipeline.ingestion.benchmark_loader - WARNING - Test set line 318: expected_id 'da9f03ae67' not in corpus - skipping
2026-05-31 14:39:40,113 - rag_pipeline.ingestion.benchmark_loader - WARNING - Test set line 319: expected_id 'da9f03ae67' not in corpus - skipping
2026-05-31 14:39:40,113 - rag_pipeline.ingestion.benchmark_loader - WARNING - Test set line 320: expected_id 'da9f03ae67' not in corpus - skipping
2026-05-31 14:39:40,113 - rag_pipeline.ingestion.benchmark_loader - WARNING - Test set line 321: expected_id 'da9f03ae67' not in corpus - skipping
2026-05-31 14:39:40,115 - rag_pipeline.ingestion.benchmark_loader - INFO - Loaded 463 test queries from /workspaces/RAG-a-muffin/data/processed/test.jsonl (7 skipped)
2026-05-31 14:39:40,115 - rag_pipeline.ingestion.benchmark_loader - INFO - Loaded 11 model entries from /workspaces/RAG-a-muffin/configs/models.json
2026-05-31 14:39:47,931 - rag_pipeline.ingestion.benchmark_loader - INFO - Loaded 1207 topic assignments for model 'BAAI/bge-base-en-v1.5' from /workspaces/RAG-a-muffin/src/rag_pipeline/eda/topics/output/topic_assignments_all.json
2026-05-31 14:39:47,959 - __main__ - INFO - Evaluating BAAI/bge-base-en-v1.5 | Configs: ['entity_boosted']
2026-05-31 14:39:47,959 - __main__ - INFO -   Running: entity_boosted
2026-05-31 14:39:47,959 - __main__ - INFO - Config dict: {'name': 'Entity Boosted', 'search_type': 'entity_boosted', 'rrf_k': 60, 'boost_question': 5.0, 'boost_text': 5.0}
2026-05-31 14:39:47,959 - __main__ - INFO - Collection: faqs_bge_base_en_v1_5_qa
2026-05-31 14:39:48,173 - rag_pipeline.ingestion.embedding_cache - INFO - Loaded embeddings from cache: /workspaces/RAG-a-muffin/experiments/embeddings/queries_baai_bge_base_en_v1.5.npy shape=(463, 768)
2026-05-31 14:39:53,122 - __main__ - INFO -     Hit@5=98.5%  MRR=0.9377
2026-05-31 14:39:53,129 - __main__ - INFO - QueryResults saved → /workspaces/RAG-a-muffin/experiments/results/entity_boosted_query_results.jsonl
2026-05-31 14:39:54,644 - rag_pipeline.ingestion.benchmark_persistence - INFO - Saved benchmark results to /workspaces/RAG-a-muffin/experiments/results/benchmark_results.json
2026-05-31 14:39:54,645 - __main__ - INFO - ✅ Benchmark complete!
