
--- CMD: uv run python -m rag_pipeline.ingestion.ingest_models --models "BAAI/bge-base-en-v1.5" --encode-mode "qa" --no-skip-existing
--- RC: 0
2026-05-31 14:56:45,909 - rag_pipeline.ingestion.benchmark_loader - INFO - Loaded 11 model entries from /workspaces/RAG-a-muffin/configs/models.json
2026-05-31 14:56:46,354 - __main__ - INFO - Loaded 1207 documents from /workspaces/RAG-a-muffin/data/processed/clean.jsonl (0 skipped)
2026-05-31 14:56:46,479 - __main__ - INFO - Connected to Qdrant at localhost:6333
2026-05-31 14:56:46,479 - rag_pipeline.ingestion.benchmark_loader - INFO - Loaded 11 model entries from /workspaces/RAG-a-muffin/configs/models.json
2026-05-31 14:56:46,479 - __main__ - INFO - Ingesting 1 model(s): ['BAAI/bge-base-en-v1.5']
2026-05-31 14:56:46,479 - __main__ - INFO - ============================================================
2026-05-31 14:56:46,479 - __main__ - INFO - Model      : BAAI/bge-base-en-v1.5
2026-05-31 14:56:46,479 - __main__ - INFO - Collection : faqs_bge_base_en_v1_5_qa
2026-05-31 14:56:46,487 - __main__ - INFO - Loaded embeddings from cache: /workspaces/RAG-a-muffin/experiments/embeddings/bge_base_en_v1_5_qa.npy shape=(1207, 768)
2026-05-31 14:56:46,487 - __main__ - INFO - Embedding dims: 768
2026-05-31 14:56:47,103 - __main__ - INFO - Loaded NER enrichment for 1207 documents for 'BAAI/bge-base-en-v1.5'
2026-05-31 14:56:47,135 - __main__ - INFO - ✅ NER coverage: 1207/1207 documents (100%)
2026-05-31 14:56:47,142 - __main__ - INFO - Deleting existing collection: faqs_bge_base_en_v1_5_qa
2026-05-31 14:56:47,253 - __main__ - INFO - Upserting 1207 points to Qdrant…

Batches:   0%|          | 0/13 [00:00<?, ?it/s]
Batches:  15%|█▌        | 2/13 [00:00<00:00, 11.83it/s]
Batches:  31%|███       | 4/13 [00:00<00:00, 12.48it/s]
Batches:  46%|████▌     | 6/13 [00:00<00:00, 12.62it/s]
Batches:  62%|██████▏   | 8/13 [00:00<00:00, 12.92it/s]
Batches:  77%|███████▋  | 10/13 [00:00<00:00, 13.16it/s]
Batches:  92%|█████████▏| 12/13 [00:00<00:00, 13.16it/s]
Batches: 100%|██████████| 13/13 [00:00<00:00, 13.78it/s]
2026-05-31 14:56:48,204 - __main__ - INFO - ✅ Done: 1207 documents indexed in 'faqs_bge_base_en_v1_5_qa'
2026-05-31 14:56:48,205 - __main__ - INFO - ============================================================
2026-05-31 14:56:48,205 - __main__ - INFO - INGESTION COMPLETE
2026-05-31 14:56:48,205 - __main__ - INFO - ============================================================
2026-05-31 14:56:48,205 - __main__ - INFO - Successful: 1 models
2026-05-31 14:56:48,205 - __main__ - INFO -    - BAAI/bge-base-en-v1.5
2026-05-31 14:56:48,205 - __main__ - INFO - All models ingested successfully.

--- CMD: uv run python -m rag_pipeline.ingestion.benchmark --model "BAAI/bge-base-en-v1.5" --configs entity_boosted --collection "faqs_bge_base_en_v1_5_qa"
--- RC: 0
[INFO] Running on 463 queries (full dataset: True)

==============================================================================================================
                                          RETRIEVAL BENCHMARK REPORT                                          
==============================================================================================================

Model                          Config                    H@1      H@5      MRR    p50(ms)
------------------------------ -------------------- -------- -------- -------- ----------
bge-base-en-v1.5               entity_boosted         89.8%   98.5%  0.9377       9.6

==============================================================================================================
OVERALL WINNER: bge-base-en-v1.5 | entity_boosted (MRR: 0.9377)
==============================================================================================================
2026-05-31 14:56:52,908 - rag_pipeline.ingestion.benchmark_loader - INFO - Loaded 11 model entries from /workspaces/RAG-a-muffin/configs/models.json
2026-05-31 14:56:52,908 - rag_pipeline.ingestion.benchmark_loader - INFO - Loaded 14 retrieval configs from /workspaces/RAG-a-muffin/configs/retrieval_configs.json
2026-05-31 14:56:52,908 - __main__ - INFO - Running configs subset: ['entity_boosted']
2026-05-31 14:56:52,918 - rag_pipeline.ingestion.benchmark_loader - WARNING - Test set line 315: expected_id 'da9f03ae67' not in corpus - skipping
2026-05-31 14:56:52,918 - rag_pipeline.ingestion.benchmark_loader - WARNING - Test set line 316: expected_id 'da9f03ae67' not in corpus - skipping
2026-05-31 14:56:52,918 - rag_pipeline.ingestion.benchmark_loader - WARNING - Test set line 317: expected_id 'da9f03ae67' not in corpus - skipping
2026-05-31 14:56:52,919 - rag_pipeline.ingestion.benchmark_loader - WARNING - Test set line 318: expected_id 'da9f03ae67' not in corpus - skipping
2026-05-31 14:56:52,919 - rag_pipeline.ingestion.benchmark_loader - WARNING - Test set line 319: expected_id 'da9f03ae67' not in corpus - skipping
2026-05-31 14:56:52,919 - rag_pipeline.ingestion.benchmark_loader - WARNING - Test set line 320: expected_id 'da9f03ae67' not in corpus - skipping
2026-05-31 14:56:52,919 - rag_pipeline.ingestion.benchmark_loader - WARNING - Test set line 321: expected_id 'da9f03ae67' not in corpus - skipping
2026-05-31 14:56:52,920 - rag_pipeline.ingestion.benchmark_loader - INFO - Loaded 463 test queries from /workspaces/RAG-a-muffin/data/processed/test.jsonl (7 skipped)
2026-05-31 14:56:52,920 - rag_pipeline.ingestion.benchmark_loader - INFO - Loaded 11 model entries from /workspaces/RAG-a-muffin/configs/models.json
2026-05-31 14:57:00,905 - rag_pipeline.ingestion.benchmark_loader - INFO - Loaded 1207 topic assignments for model 'BAAI/bge-base-en-v1.5' from /workspaces/RAG-a-muffin/src/rag_pipeline/eda/topics/output/topic_assignments_all.json
2026-05-31 14:57:00,940 - __main__ - INFO - Evaluating BAAI/bge-base-en-v1.5 | Configs: ['entity_boosted']
2026-05-31 14:57:00,940 - __main__ - INFO -   Running: entity_boosted
2026-05-31 14:57:00,940 - __main__ - INFO - Config dict: {'name': 'Entity Boosted', 'search_type': 'entity_boosted', 'rrf_k': 60, 'boost_question': 5.0, 'boost_text': 5.0}
2026-05-31 14:57:00,940 - __main__ - INFO - Collection: faqs_bge_base_en_v1_5_qa
2026-05-31 14:57:01,133 - rag_pipeline.ingestion.embedding_cache - INFO - Loaded embeddings from cache: /workspaces/RAG-a-muffin/experiments/embeddings/queries_baai_bge_base_en_v1.5.npy shape=(463, 768)
2026-05-31 14:57:05,931 - __main__ - INFO -     Hit@5=98.5%  MRR=0.9377
2026-05-31 14:57:05,940 - __main__ - INFO - QueryResults saved → /workspaces/RAG-a-muffin/experiments/results/entity_boosted_query_results.jsonl
2026-05-31 14:57:07,476 - rag_pipeline.ingestion.benchmark_persistence - INFO - Saved benchmark results to /workspaces/RAG-a-muffin/experiments/results/benchmark_results.json
2026-05-31 14:57:07,476 - __main__ - INFO - ✅ Benchmark complete!

--- CMD: uv run python -m rag_pipeline.ingestion.ingest_models --models "BAAI/bge-base-en-v1.5" --encode-mode "qa" --no-skip-existing
--- RC: 0
2026-05-31 14:58:05,399 - rag_pipeline.ingestion.benchmark_loader - INFO - Loaded 11 model entries from /workspaces/RAG-a-muffin/configs/models.json
2026-05-31 14:58:05,689 - __main__ - INFO - Loaded 1207 documents from /workspaces/RAG-a-muffin/data/processed/clean.jsonl (0 skipped)
2026-05-31 14:58:05,788 - __main__ - INFO - Connected to Qdrant at localhost:6333
2026-05-31 14:58:05,788 - rag_pipeline.ingestion.benchmark_loader - INFO - Loaded 11 model entries from /workspaces/RAG-a-muffin/configs/models.json
2026-05-31 14:58:05,788 - __main__ - INFO - Ingesting 1 model(s): ['BAAI/bge-base-en-v1.5']
2026-05-31 14:58:05,788 - __main__ - INFO - ============================================================
2026-05-31 14:58:05,788 - __main__ - INFO - Model      : BAAI/bge-base-en-v1.5
2026-05-31 14:58:05,788 - __main__ - INFO - Collection : faqs_bge_base_en_v1_5_qa
2026-05-31 14:58:05,790 - __main__ - INFO - Loaded embeddings from cache: /workspaces/RAG-a-muffin/experiments/embeddings/bge_base_en_v1_5_qa.npy shape=(1207, 768)
2026-05-31 14:58:05,791 - __main__ - INFO - Embedding dims: 768
2026-05-31 14:58:06,230 - __main__ - INFO - Loaded NER enrichment for 1207 documents for 'BAAI/bge-base-en-v1.5'
2026-05-31 14:58:06,255 - __main__ - INFO - ✅ NER coverage: 1207/1207 documents (100%)
2026-05-31 14:58:06,262 - __main__ - INFO - Deleting existing collection: faqs_bge_base_en_v1_5_qa
2026-05-31 14:58:06,358 - __main__ - INFO - Upserting 1207 points to Qdrant…

Batches:   0%|          | 0/13 [00:00<?, ?it/s]
Batches:  15%|█▌        | 2/13 [00:00<00:00, 11.59it/s]
Batches:  31%|███       | 4/13 [00:00<00:00, 12.15it/s]
Batches:  46%|████▌     | 6/13 [00:00<00:00, 12.77it/s]
Batches:  62%|██████▏   | 8/13 [00:00<00:00, 13.10it/s]
Batches:  77%|███████▋  | 10/13 [00:00<00:00, 13.20it/s]
Batches:  92%|█████████▏| 12/13 [00:00<00:00, 13.20it/s]
Batches: 100%|██████████| 13/13 [00:00<00:00, 13.81it/s]
2026-05-31 14:58:07,307 - __main__ - INFO - ✅ Done: 1207 documents indexed in 'faqs_bge_base_en_v1_5_qa'
2026-05-31 14:58:07,308 - __main__ - INFO - ============================================================
2026-05-31 14:58:07,308 - __main__ - INFO - INGESTION COMPLETE
2026-05-31 14:58:07,308 - __main__ - INFO - ============================================================
2026-05-31 14:58:07,308 - __main__ - INFO - Successful: 1 models
2026-05-31 14:58:07,308 - __main__ - INFO -    - BAAI/bge-base-en-v1.5
2026-05-31 14:58:07,308 - __main__ - INFO - All models ingested successfully.

--- CMD: uv run python -m rag_pipeline.ingestion.benchmark --model "BAAI/bge-base-en-v1.5" --configs entity_boosted --collection "faqs_bge_base_en_v1_5_qa"
--- RC: 0
[INFO] Running on 463 queries (full dataset: True)

==============================================================================================================
                                          RETRIEVAL BENCHMARK REPORT                                          
==============================================================================================================

Model                          Config                    H@1      H@5      MRR    p50(ms)
------------------------------ -------------------- -------- -------- -------- ----------
bge-base-en-v1.5               entity_boosted          0.0%    0.0%  0.0000       9.2

==============================================================================================================
OVERALL WINNER: bge-base-en-v1.5 | entity_boosted (MRR: 0.0000)
==============================================================================================================
2026-05-31 14:58:11,710 - rag_pipeline.ingestion.benchmark_loader - INFO - Loaded 11 model entries from /workspaces/RAG-a-muffin/configs/models.json
2026-05-31 14:58:11,710 - rag_pipeline.ingestion.benchmark_loader - INFO - Loaded 14 retrieval configs from /workspaces/RAG-a-muffin/configs/retrieval_configs.json
2026-05-31 14:58:11,710 - __main__ - INFO - Running configs subset: ['entity_boosted']
2026-05-31 14:58:11,720 - rag_pipeline.ingestion.benchmark_loader - WARNING - Test set line 315: expected_id 'da9f03ae67' not in corpus - skipping
2026-05-31 14:58:11,720 - rag_pipeline.ingestion.benchmark_loader - WARNING - Test set line 316: expected_id 'da9f03ae67' not in corpus - skipping
2026-05-31 14:58:11,720 - rag_pipeline.ingestion.benchmark_loader - WARNING - Test set line 317: expected_id 'da9f03ae67' not in corpus - skipping
2026-05-31 14:58:11,720 - rag_pipeline.ingestion.benchmark_loader - WARNING - Test set line 318: expected_id 'da9f03ae67' not in corpus - skipping
2026-05-31 14:58:11,720 - rag_pipeline.ingestion.benchmark_loader - WARNING - Test set line 319: expected_id 'da9f03ae67' not in corpus - skipping
2026-05-31 14:58:11,720 - rag_pipeline.ingestion.benchmark_loader - WARNING - Test set line 320: expected_id 'da9f03ae67' not in corpus - skipping
2026-05-31 14:58:11,720 - rag_pipeline.ingestion.benchmark_loader - WARNING - Test set line 321: expected_id 'da9f03ae67' not in corpus - skipping
2026-05-31 14:58:11,722 - rag_pipeline.ingestion.benchmark_loader - INFO - Loaded 463 test queries from /workspaces/RAG-a-muffin/data/processed/test.jsonl (7 skipped)
2026-05-31 14:58:11,722 - rag_pipeline.ingestion.benchmark_loader - INFO - Loaded 11 model entries from /workspaces/RAG-a-muffin/configs/models.json
2026-05-31 14:58:19,194 - rag_pipeline.ingestion.benchmark_loader - INFO - Loaded 1207 topic assignments for model 'BAAI/bge-base-en-v1.5' from /workspaces/RAG-a-muffin/src/rag_pipeline/eda/topics/output/topic_assignments_all.json
2026-05-31 14:58:19,230 - __main__ - INFO - Evaluating BAAI/bge-base-en-v1.5 | Configs: ['entity_boosted']
2026-05-31 14:58:19,230 - __main__ - INFO -   Running: entity_boosted
2026-05-31 14:58:19,230 - __main__ - INFO - Config dict: {'name': 'Entity Boosted', 'search_type': 'entity_boosted', 'rrf_k': 60, 'boost_question': 5.0, 'boost_text': 5.0}
2026-05-31 14:58:19,230 - __main__ - INFO - Collection: faqs_bge_base_en_v1_5_qa
2026-05-31 14:58:19,411 - rag_pipeline.ingestion.embedding_cache - INFO - Loaded embeddings from cache: /workspaces/RAG-a-muffin/experiments/embeddings/queries_baai_bge_base_en_v1.5.npy shape=(463, 768)
2026-05-31 14:58:24,015 - __main__ - INFO -     Hit@5=0.0%  MRR=0.0000
2026-05-31 14:58:24,020 - __main__ - INFO - QueryResults saved → /workspaces/RAG-a-muffin/experiments/results/entity_boosted_query_results.jsonl
2026-05-31 14:58:25,390 - rag_pipeline.ingestion.benchmark_persistence - INFO - Saved benchmark results to /workspaces/RAG-a-muffin/experiments/results/benchmark_results.json
2026-05-31 14:58:25,391 - __main__ - INFO - ✅ Benchmark complete!

--- CMD: uv run python -m rag_pipeline.ingestion.ingest_models --models "BAAI/bge-base-en-v1.5" --encode-mode "qa" --no-skip-existing
--- RC: 0
2026-05-31 15:02:09,980 - rag_pipeline.ingestion.benchmark_loader - INFO - Loaded 11 model entries from /workspaces/RAG-a-muffin/configs/models.json
2026-05-31 15:02:10,413 - __main__ - INFO - Loaded 1207 documents from /workspaces/RAG-a-muffin/data/processed/clean.jsonl (0 skipped)
2026-05-31 15:02:10,513 - __main__ - INFO - Connected to Qdrant at localhost:6333
2026-05-31 15:02:10,513 - rag_pipeline.ingestion.benchmark_loader - INFO - Loaded 11 model entries from /workspaces/RAG-a-muffin/configs/models.json
2026-05-31 15:02:10,513 - __main__ - INFO - Ingesting 1 model(s): ['BAAI/bge-base-en-v1.5']
2026-05-31 15:02:10,513 - __main__ - INFO - ============================================================
2026-05-31 15:02:10,513 - __main__ - INFO - Model      : BAAI/bge-base-en-v1.5
2026-05-31 15:02:10,513 - __main__ - INFO - Collection : faqs_bge_base_en_v1_5_qa
2026-05-31 15:02:10,516 - __main__ - INFO - Loaded embeddings from cache: /workspaces/RAG-a-muffin/experiments/embeddings/bge_base_en_v1_5_qa.npy shape=(1207, 768)
2026-05-31 15:02:10,516 - __main__ - INFO - Embedding dims: 768
2026-05-31 15:02:11,134 - __main__ - INFO - Loaded NER enrichment for 1207 documents for 'BAAI/bge-base-en-v1.5'
2026-05-31 15:02:11,176 - __main__ - INFO - ✅ NER coverage: 1207/1207 documents (100%)
2026-05-31 15:02:11,183 - __main__ - INFO - Deleting existing collection: faqs_bge_base_en_v1_5_qa
2026-05-31 15:02:11,282 - __main__ - INFO - Upserting 1207 points to Qdrant…

Batches:   0%|          | 0/13 [00:00<?, ?it/s]
Batches:  15%|█▌        | 2/13 [00:00<00:00, 11.99it/s]
Batches:  31%|███       | 4/13 [00:00<00:00, 12.80it/s]
Batches:  46%|████▌     | 6/13 [00:00<00:00, 13.30it/s]
Batches:  62%|██████▏   | 8/13 [00:00<00:00, 13.46it/s]
Batches:  77%|███████▋  | 10/13 [00:00<00:00, 13.68it/s]
Batches:  92%|█████████▏| 12/13 [00:00<00:00, 13.52it/s]
Batches: 100%|██████████| 13/13 [00:00<00:00, 14.25it/s]
2026-05-31 15:02:12,202 - __main__ - INFO - ✅ Done: 1207 documents indexed in 'faqs_bge_base_en_v1_5_qa'
2026-05-31 15:02:12,203 - __main__ - INFO - ============================================================
2026-05-31 15:02:12,203 - __main__ - INFO - INGESTION COMPLETE
2026-05-31 15:02:12,203 - __main__ - INFO - ============================================================
2026-05-31 15:02:12,203 - __main__ - INFO - Successful: 1 models
2026-05-31 15:02:12,203 - __main__ - INFO -    - BAAI/bge-base-en-v1.5
2026-05-31 15:02:12,203 - __main__ - INFO - All models ingested successfully.

--- CMD: uv run python -m rag_pipeline.ingestion.benchmark --model "BAAI/bge-base-en-v1.5" --configs entity_boosted --collection "faqs_bge_base_en_v1_5_qa"
--- RC: 0
[INFO] Running on 463 queries (full dataset: True)

==============================================================================================================
                                          RETRIEVAL BENCHMARK REPORT                                          
==============================================================================================================

Model                          Config                    H@1      H@5      MRR    p50(ms)
------------------------------ -------------------- -------- -------- -------- ----------
bge-base-en-v1.5               entity_boosted          0.0%    0.0%  0.0000       9.3

==============================================================================================================
OVERALL WINNER: bge-base-en-v1.5 | entity_boosted (MRR: 0.0000)
==============================================================================================================
2026-05-31 15:02:16,835 - rag_pipeline.ingestion.benchmark_loader - INFO - Loaded 11 model entries from /workspaces/RAG-a-muffin/configs/models.json
2026-05-31 15:02:16,835 - rag_pipeline.ingestion.benchmark_loader - INFO - Loaded 14 retrieval configs from /workspaces/RAG-a-muffin/configs/retrieval_configs.json
2026-05-31 15:02:16,836 - __main__ - INFO - Running configs subset: ['entity_boosted']
2026-05-31 15:02:16,845 - rag_pipeline.ingestion.benchmark_loader - WARNING - Test set line 315: expected_id 'da9f03ae67' not in corpus - skipping
2026-05-31 15:02:16,845 - rag_pipeline.ingestion.benchmark_loader - WARNING - Test set line 316: expected_id 'da9f03ae67' not in corpus - skipping
2026-05-31 15:02:16,846 - rag_pipeline.ingestion.benchmark_loader - WARNING - Test set line 317: expected_id 'da9f03ae67' not in corpus - skipping
2026-05-31 15:02:16,846 - rag_pipeline.ingestion.benchmark_loader - WARNING - Test set line 318: expected_id 'da9f03ae67' not in corpus - skipping
2026-05-31 15:02:16,846 - rag_pipeline.ingestion.benchmark_loader - WARNING - Test set line 319: expected_id 'da9f03ae67' not in corpus - skipping
2026-05-31 15:02:16,846 - rag_pipeline.ingestion.benchmark_loader - WARNING - Test set line 320: expected_id 'da9f03ae67' not in corpus - skipping
2026-05-31 15:02:16,846 - rag_pipeline.ingestion.benchmark_loader - WARNING - Test set line 321: expected_id 'da9f03ae67' not in corpus - skipping
2026-05-31 15:02:16,847 - rag_pipeline.ingestion.benchmark_loader - INFO - Loaded 463 test queries from /workspaces/RAG-a-muffin/data/processed/test.jsonl (7 skipped)
2026-05-31 15:02:16,847 - rag_pipeline.ingestion.benchmark_loader - INFO - Loaded 11 model entries from /workspaces/RAG-a-muffin/configs/models.json
2026-05-31 15:02:24,130 - rag_pipeline.ingestion.benchmark_loader - INFO - Loaded 1207 topic assignments for model 'BAAI/bge-base-en-v1.5' from /workspaces/RAG-a-muffin/src/rag_pipeline/eda/topics/output/topic_assignments_all.json
2026-05-31 15:02:24,154 - __main__ - INFO - Evaluating BAAI/bge-base-en-v1.5 | Configs: ['entity_boosted']
2026-05-31 15:02:24,154 - __main__ - INFO -   Running: entity_boosted
2026-05-31 15:02:24,154 - __main__ - INFO - Config dict: {'name': 'Entity Boosted', 'search_type': 'entity_boosted', 'rrf_k': 60, 'boost_question': 5.0, 'boost_text': 5.0}
2026-05-31 15:02:24,154 - __main__ - INFO - Collection: faqs_bge_base_en_v1_5_qa
2026-05-31 15:02:24,338 - rag_pipeline.ingestion.embedding_cache - INFO - Loaded embeddings from cache: /workspaces/RAG-a-muffin/experiments/embeddings/queries_baai_bge_base_en_v1.5.npy shape=(463, 768)
2026-05-31 15:02:28,991 - __main__ - INFO -     Hit@5=0.0%  MRR=0.0000
2026-05-31 15:02:28,996 - __main__ - INFO - QueryResults saved → /workspaces/RAG-a-muffin/experiments/results/entity_boosted_query_results.jsonl
2026-05-31 15:02:30,337 - rag_pipeline.ingestion.benchmark_persistence - INFO - Saved benchmark results to /workspaces/RAG-a-muffin/experiments/results/benchmark_results.json
2026-05-31 15:02:30,337 - __main__ - INFO - ✅ Benchmark complete!

--- CMD: uv run python -m rag_pipeline.ingestion.ingest_models --models "BAAI/bge-base-en-v1.5" --encode-mode "qa" --no-skip-existing
--- RC: 0
2026-05-31 15:04:09,606 - rag_pipeline.ingestion.benchmark_loader - INFO - Loaded 11 model entries from /workspaces/RAG-a-muffin/configs/models.json
2026-05-31 15:04:09,887 - __main__ - INFO - Loaded 1207 documents from /workspaces/RAG-a-muffin/data/processed/clean.jsonl (0 skipped)
2026-05-31 15:04:09,992 - __main__ - INFO - Connected to Qdrant at localhost:6333
2026-05-31 15:04:09,992 - rag_pipeline.ingestion.benchmark_loader - INFO - Loaded 11 model entries from /workspaces/RAG-a-muffin/configs/models.json
2026-05-31 15:04:09,992 - __main__ - INFO - Ingesting 1 model(s): ['BAAI/bge-base-en-v1.5']
2026-05-31 15:04:09,992 - __main__ - INFO - ============================================================
2026-05-31 15:04:09,992 - __main__ - INFO - Model      : BAAI/bge-base-en-v1.5
2026-05-31 15:04:09,992 - __main__ - INFO - Collection : faqs_bge_base_en_v1_5_qa
2026-05-31 15:04:09,994 - __main__ - INFO - Loaded embeddings from cache: /workspaces/RAG-a-muffin/experiments/embeddings/bge_base_en_v1_5_qa.npy shape=(1207, 768)
2026-05-31 15:04:09,995 - __main__ - INFO - Embedding dims: 768
2026-05-31 15:04:10,438 - __main__ - INFO - Loaded NER enrichment for 1207 documents for 'BAAI/bge-base-en-v1.5'
2026-05-31 15:04:10,463 - __main__ - INFO - ✅ NER coverage: 1207/1207 documents (100%)
2026-05-31 15:04:10,467 - __main__ - INFO - Deleting existing collection: faqs_bge_base_en_v1_5_qa
2026-05-31 15:04:10,558 - __main__ - INFO - Upserting 1207 points to Qdrant…

Batches:   0%|          | 0/13 [00:00<?, ?it/s]
Batches:  15%|█▌        | 2/13 [00:00<00:00, 12.22it/s]
Batches:  31%|███       | 4/13 [00:00<00:00, 12.74it/s]
Batches:  46%|████▌     | 6/13 [00:00<00:00, 12.97it/s]
Batches:  62%|██████▏   | 8/13 [00:00<00:00, 13.24it/s]
Batches:  77%|███████▋  | 10/13 [00:00<00:00, 13.34it/s]
Batches:  92%|█████████▏| 12/13 [00:00<00:00, 13.44it/s]
Batches: 100%|██████████| 13/13 [00:00<00:00, 14.09it/s]
2026-05-31 15:04:11,487 - __main__ - INFO - ✅ Done: 1207 documents indexed in 'faqs_bge_base_en_v1_5_qa'
2026-05-31 15:04:11,488 - __main__ - INFO - ============================================================
2026-05-31 15:04:11,488 - __main__ - INFO - INGESTION COMPLETE
2026-05-31 15:04:11,488 - __main__ - INFO - ============================================================
2026-05-31 15:04:11,488 - __main__ - INFO - Successful: 1 models
2026-05-31 15:04:11,489 - __main__ - INFO -    - BAAI/bge-base-en-v1.5
2026-05-31 15:04:11,489 - __main__ - INFO - All models ingested successfully.

--- CMD: uv run python -m rag_pipeline.ingestion.benchmark --model "BAAI/bge-base-en-v1.5" --configs entity_boosted --collection "faqs_bge_base_en_v1_5_qa"
--- RC: 0
[INFO] Running on 463 queries (full dataset: True)

==============================================================================================================
                                          RETRIEVAL BENCHMARK REPORT                                          
==============================================================================================================

Model                          Config                    H@1      H@5      MRR    p50(ms)
------------------------------ -------------------- -------- -------- -------- ----------
bge-base-en-v1.5               entity_boosted          0.0%    0.0%  0.0000       9.1

==============================================================================================================
OVERALL WINNER: bge-base-en-v1.5 | entity_boosted (MRR: 0.0000)
==============================================================================================================
2026-05-31 15:04:16,047 - rag_pipeline.ingestion.benchmark_loader - INFO - Loaded 11 model entries from /workspaces/RAG-a-muffin/configs/models.json
2026-05-31 15:04:16,047 - rag_pipeline.ingestion.benchmark_loader - INFO - Loaded 14 retrieval configs from /workspaces/RAG-a-muffin/configs/retrieval_configs.json
2026-05-31 15:04:16,047 - __main__ - INFO - Running configs subset: ['entity_boosted']
2026-05-31 15:04:16,057 - rag_pipeline.ingestion.benchmark_loader - WARNING - Test set line 315: expected_id 'da9f03ae67' not in corpus - skipping
2026-05-31 15:04:16,058 - rag_pipeline.ingestion.benchmark_loader - WARNING - Test set line 316: expected_id 'da9f03ae67' not in corpus - skipping
2026-05-31 15:04:16,058 - rag_pipeline.ingestion.benchmark_loader - WARNING - Test set line 317: expected_id 'da9f03ae67' not in corpus - skipping
2026-05-31 15:04:16,058 - rag_pipeline.ingestion.benchmark_loader - WARNING - Test set line 318: expected_id 'da9f03ae67' not in corpus - skipping
2026-05-31 15:04:16,058 - rag_pipeline.ingestion.benchmark_loader - WARNING - Test set line 319: expected_id 'da9f03ae67' not in corpus - skipping
2026-05-31 15:04:16,058 - rag_pipeline.ingestion.benchmark_loader - WARNING - Test set line 320: expected_id 'da9f03ae67' not in corpus - skipping
2026-05-31 15:04:16,058 - rag_pipeline.ingestion.benchmark_loader - WARNING - Test set line 321: expected_id 'da9f03ae67' not in corpus - skipping
2026-05-31 15:04:16,059 - rag_pipeline.ingestion.benchmark_loader - INFO - Loaded 463 test queries from /workspaces/RAG-a-muffin/data/processed/test.jsonl (7 skipped)
2026-05-31 15:04:16,060 - rag_pipeline.ingestion.benchmark_loader - INFO - Loaded 11 model entries from /workspaces/RAG-a-muffin/configs/models.json
2026-05-31 15:04:23,377 - rag_pipeline.ingestion.benchmark_loader - INFO - Loaded 1207 topic assignments for model 'BAAI/bge-base-en-v1.5' from /workspaces/RAG-a-muffin/src/rag_pipeline/eda/topics/output/topic_assignments_all.json
2026-05-31 15:04:23,402 - __main__ - INFO - Evaluating BAAI/bge-base-en-v1.5 | Configs: ['entity_boosted']
2026-05-31 15:04:23,402 - __main__ - INFO -   Running: entity_boosted
2026-05-31 15:04:23,402 - __main__ - INFO - Config dict: {'name': 'Entity Boosted', 'search_type': 'entity_boosted', 'rrf_k': 60, 'boost_question': 5.0, 'boost_text': 5.0}
2026-05-31 15:04:23,402 - __main__ - INFO - Collection: faqs_bge_base_en_v1_5_qa
2026-05-31 15:04:23,586 - rag_pipeline.ingestion.embedding_cache - INFO - Loaded embeddings from cache: /workspaces/RAG-a-muffin/experiments/embeddings/queries_baai_bge_base_en_v1.5.npy shape=(463, 768)
2026-05-31 15:04:28,207 - __main__ - INFO -     Hit@5=0.0%  MRR=0.0000
2026-05-31 15:04:28,213 - __main__ - INFO - QueryResults saved → /workspaces/RAG-a-muffin/experiments/results/entity_boosted_query_results.jsonl
2026-05-31 15:04:29,746 - rag_pipeline.ingestion.benchmark_persistence - INFO - Saved benchmark results to /workspaces/RAG-a-muffin/experiments/results/benchmark_results.json
2026-05-31 15:04:29,747 - __main__ - INFO - ✅ Benchmark complete!

--- CMD: uv run python -m rag_pipeline.ingestion.ingest_models --models "BAAI/bge-base-en-v1.5" --encode-mode "qa" --no-skip-existing
--- RC: 0
2026-05-31 15:20:57,738 - rag_pipeline.ingestion.benchmark_loader - INFO - Loaded 11 model entries from /workspaces/RAG-a-muffin/configs/models.json
2026-05-31 15:20:58,019 - __main__ - INFO - Loaded 1207 documents from /workspaces/RAG-a-muffin/data/processed/clean.jsonl (0 skipped)
2026-05-31 15:20:58,113 - __main__ - INFO - Connected to Qdrant at localhost:6333
2026-05-31 15:20:58,114 - rag_pipeline.ingestion.benchmark_loader - INFO - Loaded 11 model entries from /workspaces/RAG-a-muffin/configs/models.json
2026-05-31 15:20:58,114 - __main__ - INFO - Ingesting 1 model(s): ['BAAI/bge-base-en-v1.5']
2026-05-31 15:20:58,114 - __main__ - INFO - ============================================================
2026-05-31 15:20:58,114 - __main__ - INFO - Model      : BAAI/bge-base-en-v1.5
2026-05-31 15:20:58,114 - __main__ - INFO - Collection : faqs_bge_base_en_v1_5_qa
2026-05-31 15:20:58,117 - __main__ - INFO - Loaded embeddings from cache: /workspaces/RAG-a-muffin/experiments/embeddings/bge_base_en_v1_5_qa.npy shape=(1207, 768)
2026-05-31 15:20:58,117 - __main__ - INFO - Embedding dims: 768
2026-05-31 15:20:58,574 - __main__ - INFO - Loaded NER enrichment for 1207 documents for 'BAAI/bge-base-en-v1.5'
2026-05-31 15:20:58,612 - __main__ - INFO - ✅ NER coverage: 1207/1207 documents (100%)
2026-05-31 15:20:58,620 - __main__ - INFO - Deleting existing collection: faqs_bge_base_en_v1_5_qa
2026-05-31 15:20:58,709 - __main__ - INFO - Upserting 1207 points to Qdrant…

Batches:   0%|          | 0/13 [00:00<?, ?it/s]
Batches:  15%|█▌        | 2/13 [00:00<00:00, 12.42it/s]
Batches:  31%|███       | 4/13 [00:00<00:00, 12.85it/s]
Batches:  46%|████▌     | 6/13 [00:00<00:00, 13.33it/s]
Batches:  62%|██████▏   | 8/13 [00:00<00:00, 13.59it/s]
Batches:  77%|███████▋  | 10/13 [00:00<00:00, 13.78it/s]
Batches:  92%|█████████▏| 12/13 [00:00<00:00, 13.94it/s]
Batches: 100%|██████████| 13/13 [00:00<00:00, 14.51it/s]
2026-05-31 15:20:59,611 - __main__ - INFO - ✅ Done: 1207 documents indexed in 'faqs_bge_base_en_v1_5_qa'
2026-05-31 15:20:59,612 - __main__ - INFO - ============================================================
2026-05-31 15:20:59,613 - __main__ - INFO - INGESTION COMPLETE
2026-05-31 15:20:59,613 - __main__ - INFO - ============================================================
2026-05-31 15:20:59,613 - __main__ - INFO - Successful: 1 models
2026-05-31 15:20:59,613 - __main__ - INFO -    - BAAI/bge-base-en-v1.5
2026-05-31 15:20:59,613 - __main__ - INFO - All models ingested successfully.

--- CMD: uv run python -m rag_pipeline.ingestion.benchmark --model "BAAI/bge-base-en-v1.5" --configs entity_boosted --collection "faqs_bge_base_en_v1_5_qa"
--- RC: 0
[INFO] Running on 463 queries (full dataset: True)

==============================================================================================================
                                          RETRIEVAL BENCHMARK REPORT                                          
==============================================================================================================

Model                          Config                    H@1      H@5      MRR    p50(ms)
------------------------------ -------------------- -------- -------- -------- ----------
bge-base-en-v1.5               entity_boosted         89.8%   98.5%  0.9377       9.5

==============================================================================================================
OVERALL WINNER: bge-base-en-v1.5 | entity_boosted (MRR: 0.9377)
==============================================================================================================
2026-05-31 15:21:04,384 - rag_pipeline.ingestion.benchmark_loader - INFO - Loaded 11 model entries from /workspaces/RAG-a-muffin/configs/models.json
2026-05-31 15:21:04,384 - rag_pipeline.ingestion.benchmark_loader - INFO - Loaded 14 retrieval configs from /workspaces/RAG-a-muffin/configs/retrieval_configs.json
2026-05-31 15:21:04,384 - __main__ - INFO - Running configs subset: ['entity_boosted']
2026-05-31 15:21:04,394 - rag_pipeline.ingestion.benchmark_loader - WARNING - Test set line 315: expected_id 'da9f03ae67' not in corpus - skipping
2026-05-31 15:21:04,394 - rag_pipeline.ingestion.benchmark_loader - WARNING - Test set line 316: expected_id 'da9f03ae67' not in corpus - skipping
2026-05-31 15:21:04,394 - rag_pipeline.ingestion.benchmark_loader - WARNING - Test set line 317: expected_id 'da9f03ae67' not in corpus - skipping
2026-05-31 15:21:04,394 - rag_pipeline.ingestion.benchmark_loader - WARNING - Test set line 318: expected_id 'da9f03ae67' not in corpus - skipping
2026-05-31 15:21:04,394 - rag_pipeline.ingestion.benchmark_loader - WARNING - Test set line 319: expected_id 'da9f03ae67' not in corpus - skipping
2026-05-31 15:21:04,394 - rag_pipeline.ingestion.benchmark_loader - WARNING - Test set line 320: expected_id 'da9f03ae67' not in corpus - skipping
2026-05-31 15:21:04,394 - rag_pipeline.ingestion.benchmark_loader - WARNING - Test set line 321: expected_id 'da9f03ae67' not in corpus - skipping
2026-05-31 15:21:04,396 - rag_pipeline.ingestion.benchmark_loader - INFO - Loaded 463 test queries from /workspaces/RAG-a-muffin/data/processed/test.jsonl (7 skipped)
2026-05-31 15:21:04,396 - rag_pipeline.ingestion.benchmark_loader - INFO - Loaded 11 model entries from /workspaces/RAG-a-muffin/configs/models.json
2026-05-31 15:21:12,272 - rag_pipeline.ingestion.benchmark_loader - INFO - Loaded 1207 topic assignments for model 'BAAI/bge-base-en-v1.5' from /workspaces/RAG-a-muffin/src/rag_pipeline/eda/topics/output/topic_assignments_all.json
2026-05-31 15:21:12,297 - __main__ - INFO - Evaluating BAAI/bge-base-en-v1.5 | Configs: ['entity_boosted']
2026-05-31 15:21:12,297 - __main__ - INFO -   Running: entity_boosted
2026-05-31 15:21:12,297 - __main__ - INFO - Config dict: {'name': 'Entity Boosted', 'search_type': 'entity_boosted', 'rrf_k': 60, 'boost_question': 5.0, 'boost_text': 5.0}
2026-05-31 15:21:12,297 - __main__ - INFO - Collection: faqs_bge_base_en_v1_5_qa
2026-05-31 15:21:12,473 - rag_pipeline.ingestion.embedding_cache - INFO - Loaded embeddings from cache: /workspaces/RAG-a-muffin/experiments/embeddings/queries_baai_bge_base_en_v1.5.npy shape=(463, 768)
2026-05-31 15:21:17,250 - __main__ - INFO -     Hit@5=98.5%  MRR=0.9377
2026-05-31 15:21:17,258 - __main__ - INFO - QueryResults saved → /workspaces/RAG-a-muffin/experiments/results/entity_boosted_query_results.jsonl
2026-05-31 15:21:18,679 - rag_pipeline.ingestion.benchmark_persistence - INFO - Saved benchmark results to /workspaces/RAG-a-muffin/experiments/results/benchmark_results.json
2026-05-31 15:21:18,679 - __main__ - INFO - ✅ Benchmark complete!

--- CMD: uv run python -m rag_pipeline.ingestion.ingest_models --models "BAAI/bge-base-en-v1.5" --encode-mode "qa" --no-skip-existing
--- RC: 0
2026-05-31 15:23:15,640 - rag_pipeline.ingestion.benchmark_loader - INFO - Loaded 11 model entries from /workspaces/RAG-a-muffin/configs/models.json
2026-05-31 15:23:15,923 - __main__ - INFO - Loaded 1207 documents from /workspaces/RAG-a-muffin/data/processed/clean.jsonl (0 skipped)
2026-05-31 15:23:16,015 - __main__ - INFO - Connected to Qdrant at localhost:6333
2026-05-31 15:23:16,016 - rag_pipeline.ingestion.benchmark_loader - INFO - Loaded 11 model entries from /workspaces/RAG-a-muffin/configs/models.json
2026-05-31 15:23:16,016 - __main__ - INFO - Ingesting 1 model(s): ['BAAI/bge-base-en-v1.5']
2026-05-31 15:23:16,016 - __main__ - INFO - ============================================================
2026-05-31 15:23:16,016 - __main__ - INFO - Model      : BAAI/bge-base-en-v1.5
2026-05-31 15:23:16,016 - __main__ - INFO - Collection : faqs_bge_base_en_v1_5_qa
2026-05-31 15:23:16,019 - __main__ - INFO - Loaded embeddings from cache: /workspaces/RAG-a-muffin/experiments/embeddings/bge_base_en_v1_5_qa.npy shape=(1207, 768)
2026-05-31 15:23:16,019 - __main__ - INFO - Embedding dims: 768
2026-05-31 15:23:16,479 - __main__ - INFO - Loaded NER enrichment for 1207 documents for 'BAAI/bge-base-en-v1.5'
2026-05-31 15:23:16,503 - __main__ - INFO - ✅ NER coverage: 1207/1207 documents (100%)
2026-05-31 15:23:16,508 - __main__ - INFO - Deleting existing collection: faqs_bge_base_en_v1_5_qa
2026-05-31 15:23:16,601 - __main__ - INFO - Upserting 1207 points to Qdrant…

Batches:   0%|          | 0/13 [00:00<?, ?it/s]
Batches:  15%|█▌        | 2/13 [00:00<00:00, 12.26it/s]
Batches:  31%|███       | 4/13 [00:00<00:00, 12.87it/s]
Batches:  46%|████▌     | 6/13 [00:00<00:00, 12.98it/s]
Batches:  62%|██████▏   | 8/13 [00:00<00:00, 13.15it/s]
Batches:  77%|███████▋  | 10/13 [00:00<00:00, 13.19it/s]
Batches:  92%|█████████▏| 12/13 [00:00<00:00, 13.43it/s]
Batches: 100%|██████████| 13/13 [00:00<00:00, 14.06it/s]
2026-05-31 15:23:17,534 - __main__ - INFO - ✅ Done: 1207 documents indexed in 'faqs_bge_base_en_v1_5_qa'
2026-05-31 15:23:17,536 - __main__ - INFO - ============================================================
2026-05-31 15:23:17,536 - __main__ - INFO - INGESTION COMPLETE
2026-05-31 15:23:17,536 - __main__ - INFO - ============================================================
2026-05-31 15:23:17,536 - __main__ - INFO - Successful: 1 models
2026-05-31 15:23:17,536 - __main__ - INFO -    - BAAI/bge-base-en-v1.5
2026-05-31 15:23:17,536 - __main__ - INFO - All models ingested successfully.

--- CMD: uv run python -m rag_pipeline.ingestion.benchmark --model "BAAI/bge-base-en-v1.5" --configs entity_boosted --collection "faqs_bge_base_en_v1_5_qa"
--- RC: 0
[INFO] Running on 463 queries (full dataset: True)

==============================================================================================================
                                          RETRIEVAL BENCHMARK REPORT                                          
==============================================================================================================

Model                          Config                    H@1      H@5      MRR    p50(ms)
------------------------------ -------------------- -------- -------- -------- ----------
bge-base-en-v1.5               entity_boosted         89.8%   98.5%  0.9377       9.8

==============================================================================================================
OVERALL WINNER: bge-base-en-v1.5 | entity_boosted (MRR: 0.9377)
==============================================================================================================
2026-05-31 15:23:22,576 - rag_pipeline.ingestion.benchmark_loader - INFO - Loaded 11 model entries from /workspaces/RAG-a-muffin/configs/models.json
2026-05-31 15:23:22,576 - rag_pipeline.ingestion.benchmark_loader - INFO - Loaded 14 retrieval configs from /workspaces/RAG-a-muffin/configs/retrieval_configs.json
2026-05-31 15:23:22,576 - __main__ - INFO - Running configs subset: ['entity_boosted']
2026-05-31 15:23:22,586 - rag_pipeline.ingestion.benchmark_loader - WARNING - Test set line 315: expected_id 'da9f03ae67' not in corpus - skipping
2026-05-31 15:23:22,587 - rag_pipeline.ingestion.benchmark_loader - WARNING - Test set line 316: expected_id 'da9f03ae67' not in corpus - skipping
2026-05-31 15:23:22,587 - rag_pipeline.ingestion.benchmark_loader - WARNING - Test set line 317: expected_id 'da9f03ae67' not in corpus - skipping
2026-05-31 15:23:22,587 - rag_pipeline.ingestion.benchmark_loader - WARNING - Test set line 318: expected_id 'da9f03ae67' not in corpus - skipping
2026-05-31 15:23:22,587 - rag_pipeline.ingestion.benchmark_loader - WARNING - Test set line 319: expected_id 'da9f03ae67' not in corpus - skipping
2026-05-31 15:23:22,587 - rag_pipeline.ingestion.benchmark_loader - WARNING - Test set line 320: expected_id 'da9f03ae67' not in corpus - skipping
2026-05-31 15:23:22,587 - rag_pipeline.ingestion.benchmark_loader - WARNING - Test set line 321: expected_id 'da9f03ae67' not in corpus - skipping
2026-05-31 15:23:22,588 - rag_pipeline.ingestion.benchmark_loader - INFO - Loaded 463 test queries from /workspaces/RAG-a-muffin/data/processed/test.jsonl (7 skipped)
2026-05-31 15:23:22,589 - rag_pipeline.ingestion.benchmark_loader - INFO - Loaded 11 model entries from /workspaces/RAG-a-muffin/configs/models.json
2026-05-31 15:23:30,278 - rag_pipeline.ingestion.benchmark_loader - INFO - Loaded 1207 topic assignments for model 'BAAI/bge-base-en-v1.5' from /workspaces/RAG-a-muffin/src/rag_pipeline/eda/topics/output/topic_assignments_all.json
2026-05-31 15:23:30,315 - __main__ - INFO - Evaluating BAAI/bge-base-en-v1.5 | Configs: ['entity_boosted']
2026-05-31 15:23:30,315 - __main__ - INFO -   Running: entity_boosted
2026-05-31 15:23:30,315 - __main__ - INFO - Config dict: {'name': 'Entity Boosted', 'search_type': 'entity_boosted', 'rrf_k': 60, 'boost_question': 5.0, 'boost_text': 5.0}
2026-05-31 15:23:30,315 - __main__ - INFO - Collection: faqs_bge_base_en_v1_5_qa
2026-05-31 15:23:30,503 - rag_pipeline.ingestion.embedding_cache - INFO - Loaded embeddings from cache: /workspaces/RAG-a-muffin/experiments/embeddings/queries_baai_bge_base_en_v1.5.npy shape=(463, 768)
2026-05-31 15:23:35,424 - __main__ - INFO -     Hit@5=98.5%  MRR=0.9377
2026-05-31 15:23:35,433 - __main__ - INFO - QueryResults saved → /workspaces/RAG-a-muffin/experiments/results/entity_boosted_query_results.jsonl
2026-05-31 15:23:37,044 - rag_pipeline.ingestion.benchmark_persistence - INFO - Saved benchmark results to /workspaces/RAG-a-muffin/experiments/results/benchmark_results.json
2026-05-31 15:23:37,045 - __main__ - INFO - ✅ Benchmark complete!

--- CMD: uv run python -m rag_pipeline.ingestion.ingest_models --models "BAAI/bge-base-en-v1.5" --encode-mode "qa" --no-skip-existing
--- RC: 0
2026-05-31 15:37:25,635 - rag_pipeline.ingestion.benchmark_loader - INFO - Loaded 11 model entries from /workspaces/RAG-a-muffin/configs/models.json
2026-05-31 15:37:25,921 - __main__ - INFO - Loaded 1207 documents from /workspaces/RAG-a-muffin/data/processed/clean.jsonl (0 skipped)
2026-05-31 15:37:26,019 - __main__ - INFO - Connected to Qdrant at localhost:6333
2026-05-31 15:37:26,019 - rag_pipeline.ingestion.benchmark_loader - INFO - Loaded 11 model entries from /workspaces/RAG-a-muffin/configs/models.json
2026-05-31 15:37:26,019 - __main__ - INFO - Ingesting 1 model(s): ['BAAI/bge-base-en-v1.5']
2026-05-31 15:37:26,020 - __main__ - INFO - ============================================================
2026-05-31 15:37:26,020 - __main__ - INFO - Model      : BAAI/bge-base-en-v1.5
2026-05-31 15:37:26,020 - __main__ - INFO - Collection : faqs_bge_base_en_v1_5_qa
2026-05-31 15:37:26,023 - __main__ - INFO - Loaded embeddings from cache: /workspaces/RAG-a-muffin/experiments/embeddings/bge_base_en_v1_5_qa.npy shape=(1207, 768)
2026-05-31 15:37:26,023 - __main__ - INFO - Embedding dims: 768
2026-05-31 15:37:26,502 - __main__ - INFO - Loaded NER enrichment for 1207 documents for 'BAAI/bge-base-en-v1.5'
2026-05-31 15:37:26,528 - __main__ - INFO - ✅ NER coverage: 1207/1207 documents (100%)
2026-05-31 15:37:26,534 - __main__ - INFO - Deleting existing collection: faqs_bge_base_en_v1_5_qa
2026-05-31 15:37:26,636 - __main__ - INFO - Upserting 1207 points to Qdrant…

Batches:   0%|          | 0/13 [00:00<?, ?it/s]
Batches:  15%|█▌        | 2/13 [00:00<00:00, 12.28it/s]
Batches:  31%|███       | 4/13 [00:00<00:00, 12.71it/s]
Batches:  46%|████▌     | 6/13 [00:00<00:00, 12.93it/s]
Batches:  62%|██████▏   | 8/13 [00:00<00:00, 12.64it/s]
Batches:  77%|███████▋  | 10/13 [00:00<00:00, 12.88it/s]
Batches:  92%|█████████▏| 12/13 [00:00<00:00, 12.99it/s]
Batches: 100%|██████████| 13/13 [00:00<00:00, 13.72it/s]
2026-05-31 15:37:27,590 - __main__ - INFO - ✅ Done: 1207 documents indexed in 'faqs_bge_base_en_v1_5_qa'
2026-05-31 15:37:27,592 - __main__ - INFO - ============================================================
2026-05-31 15:37:27,592 - __main__ - INFO - INGESTION COMPLETE
2026-05-31 15:37:27,592 - __main__ - INFO - ============================================================
2026-05-31 15:37:27,592 - __main__ - INFO - Successful: 1 models
2026-05-31 15:37:27,592 - __main__ - INFO -    - BAAI/bge-base-en-v1.5
2026-05-31 15:37:27,592 - __main__ - INFO - All models ingested successfully.

--- CMD: uv run python -m rag_pipeline.ingestion.benchmark --model "BAAI/bge-base-en-v1.5" --configs entity_boosted --collection "faqs_bge_base_en_v1_5_qa"
--- RC: 0
[INFO] Running on 463 queries (full dataset: True)

==============================================================================================================
                                          RETRIEVAL BENCHMARK REPORT                                          
==============================================================================================================

Model                          Config                    H@1      H@5      MRR    p50(ms)
------------------------------ -------------------- -------- -------- -------- ----------
bge-base-en-v1.5               entity_boosted         89.8%   98.5%  0.9377       9.6

==============================================================================================================
OVERALL WINNER: bge-base-en-v1.5 | entity_boosted (MRR: 0.9377)
==============================================================================================================
2026-05-31 15:37:33,518 - rag_pipeline.ingestion.benchmark_loader - INFO - Loaded 11 model entries from /workspaces/RAG-a-muffin/configs/models.json
2026-05-31 15:37:33,519 - rag_pipeline.ingestion.benchmark_loader - INFO - Loaded 14 retrieval configs from /workspaces/RAG-a-muffin/configs/retrieval_configs.json
2026-05-31 15:37:33,519 - __main__ - INFO - Running configs subset: ['entity_boosted']
2026-05-31 15:37:33,529 - rag_pipeline.ingestion.benchmark_loader - WARNING - Test set line 315: expected_id 'da9f03ae67' not in corpus - skipping
2026-05-31 15:37:33,529 - rag_pipeline.ingestion.benchmark_loader - WARNING - Test set line 316: expected_id 'da9f03ae67' not in corpus - skipping
2026-05-31 15:37:33,529 - rag_pipeline.ingestion.benchmark_loader - WARNING - Test set line 317: expected_id 'da9f03ae67' not in corpus - skipping
2026-05-31 15:37:33,529 - rag_pipeline.ingestion.benchmark_loader - WARNING - Test set line 318: expected_id 'da9f03ae67' not in corpus - skipping
2026-05-31 15:37:33,529 - rag_pipeline.ingestion.benchmark_loader - WARNING - Test set line 319: expected_id 'da9f03ae67' not in corpus - skipping
2026-05-31 15:37:33,529 - rag_pipeline.ingestion.benchmark_loader - WARNING - Test set line 320: expected_id 'da9f03ae67' not in corpus - skipping
2026-05-31 15:37:33,529 - rag_pipeline.ingestion.benchmark_loader - WARNING - Test set line 321: expected_id 'da9f03ae67' not in corpus - skipping
2026-05-31 15:37:33,530 - rag_pipeline.ingestion.benchmark_loader - INFO - Loaded 463 test queries from /workspaces/RAG-a-muffin/data/processed/test.jsonl (7 skipped)
2026-05-31 15:37:33,531 - rag_pipeline.ingestion.benchmark_loader - INFO - Loaded 11 model entries from /workspaces/RAG-a-muffin/configs/models.json
2026-05-31 15:37:41,247 - rag_pipeline.ingestion.benchmark_loader - INFO - Loaded 1207 topic assignments for model 'BAAI/bge-base-en-v1.5' from /workspaces/RAG-a-muffin/src/rag_pipeline/eda/topics/output/topic_assignments_all.json
2026-05-31 15:37:41,272 - __main__ - INFO - Evaluating BAAI/bge-base-en-v1.5 | Configs: ['entity_boosted']
2026-05-31 15:37:41,272 - __main__ - INFO -   Running: entity_boosted
2026-05-31 15:37:41,272 - __main__ - INFO - Config dict: {'name': 'Entity Boosted', 'search_type': 'entity_boosted', 'rrf_k': 60, 'boost_question': 5.0, 'boost_text': 5.0}
2026-05-31 15:37:41,272 - __main__ - INFO - Collection: faqs_bge_base_en_v1_5_qa
2026-05-31 15:37:41,456 - rag_pipeline.ingestion.embedding_cache - INFO - Loaded embeddings from cache: /workspaces/RAG-a-muffin/experiments/embeddings/queries_baai_bge_base_en_v1.5.npy shape=(463, 768)
2026-05-31 15:37:46,278 - __main__ - INFO -     Hit@5=98.5%  MRR=0.9377
2026-05-31 15:37:46,287 - __main__ - INFO - QueryResults saved → /workspaces/RAG-a-muffin/experiments/results/entity_boosted_query_results.jsonl
2026-05-31 15:37:47,704 - rag_pipeline.ingestion.benchmark_persistence - INFO - Saved benchmark results to /workspaces/RAG-a-muffin/experiments/results/benchmark_results.json
2026-05-31 15:37:47,705 - __main__ - INFO - ✅ Benchmark complete!

--- CMD: uv run python -m rag_pipeline.ingestion.ingest_models --models "BAAI/bge-base-en-v1.5" --encode-mode "qa" --no-skip-existing
--- RC: 0
2026-05-31 16:04:57,008 - rag_pipeline.ingestion.benchmark_loader - INFO - Loaded 11 model entries from /workspaces/RAG-a-muffin/configs/models.json
2026-05-31 16:04:57,304 - __main__ - INFO - Loaded 1207 documents from /workspaces/RAG-a-muffin/data/processed/clean.jsonl (0 skipped)
2026-05-31 16:04:57,422 - __main__ - INFO - Connected to Qdrant at localhost:6333
2026-05-31 16:04:57,422 - rag_pipeline.ingestion.benchmark_loader - INFO - Loaded 11 model entries from /workspaces/RAG-a-muffin/configs/models.json
2026-05-31 16:04:57,422 - __main__ - INFO - Ingesting 1 model(s): ['BAAI/bge-base-en-v1.5']
2026-05-31 16:04:57,422 - __main__ - INFO - ============================================================
2026-05-31 16:04:57,422 - __main__ - INFO - Model      : BAAI/bge-base-en-v1.5
2026-05-31 16:04:57,422 - __main__ - INFO - Collection : faqs_bge_base_en_v1_5_qa
2026-05-31 16:04:57,436 - __main__ - INFO - Loaded embeddings from cache: /workspaces/RAG-a-muffin/experiments/embeddings/bge_base_en_v1_5_qa.npy shape=(1207, 768)
2026-05-31 16:04:57,436 - __main__ - INFO - Embedding dims: 768
2026-05-31 16:04:58,052 - __main__ - INFO - Loaded NER enrichment for 1207 documents for 'BAAI/bge-base-en-v1.5'
2026-05-31 16:04:58,091 - __main__ - INFO - ✅ NER coverage: 1207/1207 documents (100%)
2026-05-31 16:04:58,099 - __main__ - INFO - Deleting existing collection: faqs_bge_base_en_v1_5_qa
2026-05-31 16:04:58,205 - __main__ - INFO - Upserting 1207 points to Qdrant…

Batches:   0%|          | 0/13 [00:00<?, ?it/s]
Batches:  15%|█▌        | 2/13 [00:00<00:00, 11.37it/s]
Batches:  31%|███       | 4/13 [00:00<00:00, 12.46it/s]
Batches:  46%|████▌     | 6/13 [00:00<00:00, 12.65it/s]
Batches:  62%|██████▏   | 8/13 [00:00<00:00, 13.05it/s]
Batches:  77%|███████▋  | 10/13 [00:00<00:00, 13.30it/s]
Batches:  92%|█████████▏| 12/13 [00:00<00:00, 13.17it/s]
Batches: 100%|██████████| 13/13 [00:00<00:00, 13.77it/s]
2026-05-31 16:04:59,156 - __main__ - INFO - ✅ Done: 1207 documents indexed in 'faqs_bge_base_en_v1_5_qa'
2026-05-31 16:04:59,158 - __main__ - INFO - ============================================================
2026-05-31 16:04:59,158 - __main__ - INFO - INGESTION COMPLETE
2026-05-31 16:04:59,158 - __main__ - INFO - ============================================================
2026-05-31 16:04:59,158 - __main__ - INFO - Successful: 1 models
2026-05-31 16:04:59,158 - __main__ - INFO -    - BAAI/bge-base-en-v1.5
2026-05-31 16:04:59,158 - __main__ - INFO - All models ingested successfully.

--- CMD: uv run python -m rag_pipeline.ingestion.benchmark --model "BAAI/bge-base-en-v1.5" --configs entity_boosted --collection "faqs_bge_base_en_v1_5_qa"
--- RC: 0
[INFO] Running on 463 queries (full dataset: True)

==============================================================================================================
                                          RETRIEVAL BENCHMARK REPORT                                          
==============================================================================================================

Model                          Config                    H@1      H@5      MRR    p50(ms)
------------------------------ -------------------- -------- -------- -------- ----------
bge-base-en-v1.5               entity_boosted         89.8%   98.5%  0.9377       9.8

==============================================================================================================
OVERALL WINNER: bge-base-en-v1.5 | entity_boosted (MRR: 0.9377)
==============================================================================================================
2026-05-31 16:05:05,081 - rag_pipeline.ingestion.benchmark_loader - INFO - Loaded 11 model entries from /workspaces/RAG-a-muffin/configs/models.json
2026-05-31 16:05:05,082 - rag_pipeline.ingestion.benchmark_loader - INFO - Loaded 14 retrieval configs from /workspaces/RAG-a-muffin/configs/retrieval_configs.json
2026-05-31 16:05:05,082 - __main__ - INFO - Running configs subset: ['entity_boosted']
2026-05-31 16:05:05,093 - rag_pipeline.ingestion.benchmark_loader - WARNING - Test set line 315: expected_id 'da9f03ae67' not in corpus - skipping
2026-05-31 16:05:05,093 - rag_pipeline.ingestion.benchmark_loader - WARNING - Test set line 316: expected_id 'da9f03ae67' not in corpus - skipping
2026-05-31 16:05:05,093 - rag_pipeline.ingestion.benchmark_loader - WARNING - Test set line 317: expected_id 'da9f03ae67' not in corpus - skipping
2026-05-31 16:05:05,093 - rag_pipeline.ingestion.benchmark_loader - WARNING - Test set line 318: expected_id 'da9f03ae67' not in corpus - skipping
2026-05-31 16:05:05,093 - rag_pipeline.ingestion.benchmark_loader - WARNING - Test set line 319: expected_id 'da9f03ae67' not in corpus - skipping
2026-05-31 16:05:05,093 - rag_pipeline.ingestion.benchmark_loader - WARNING - Test set line 320: expected_id 'da9f03ae67' not in corpus - skipping
2026-05-31 16:05:05,093 - rag_pipeline.ingestion.benchmark_loader - WARNING - Test set line 321: expected_id 'da9f03ae67' not in corpus - skipping
2026-05-31 16:05:05,094 - rag_pipeline.ingestion.benchmark_loader - INFO - Loaded 463 test queries from /workspaces/RAG-a-muffin/data/processed/test.jsonl (7 skipped)
2026-05-31 16:05:05,095 - rag_pipeline.ingestion.benchmark_loader - INFO - Loaded 11 model entries from /workspaces/RAG-a-muffin/configs/models.json
2026-05-31 16:05:12,644 - rag_pipeline.ingestion.benchmark_loader - INFO - Loaded 1207 topic assignments for model 'BAAI/bge-base-en-v1.5' from /workspaces/RAG-a-muffin/src/rag_pipeline/eda/topics/output/topic_assignments_all.json
2026-05-31 16:05:12,668 - __main__ - INFO - Evaluating BAAI/bge-base-en-v1.5 | Configs: ['entity_boosted']
2026-05-31 16:05:12,669 - __main__ - INFO -   Running: entity_boosted
2026-05-31 16:05:12,669 - __main__ - INFO - Config dict: {'name': 'Entity Boosted', 'search_type': 'entity_boosted', 'rrf_k': 60, 'boost_question': 5.0, 'boost_text': 5.0}
2026-05-31 16:05:12,669 - __main__ - INFO - Collection: faqs_bge_base_en_v1_5_qa
2026-05-31 16:05:12,853 - rag_pipeline.ingestion.embedding_cache - INFO - Loaded embeddings from cache: /workspaces/RAG-a-muffin/experiments/embeddings/queries_baai_bge_base_en_v1.5.npy shape=(463, 768)
2026-05-31 16:05:17,831 - __main__ - INFO -     Hit@5=98.5%  MRR=0.9377
2026-05-31 16:05:17,839 - __main__ - INFO - QueryResults saved → /workspaces/RAG-a-muffin/experiments/results/entity_boosted_query_results.jsonl
2026-05-31 16:05:19,478 - rag_pipeline.ingestion.benchmark_persistence - INFO - Saved benchmark results to /workspaces/RAG-a-muffin/experiments/results/benchmark_results.json
2026-05-31 16:05:19,478 - __main__ - INFO - ✅ Benchmark complete!
