
--- CMD: uv run python -m rag_pipeline.ingestion.ingest_models --models "BAAI/bge-base-en-v1.5" --encode-mode "qa" --no-skip-existing
--- RC: 0
2026-05-31 18:03:19,754 - rag_pipeline.ingestion.benchmark_loader - INFO - Loaded 11 model entries from /workspaces/RAG-a-muffin/configs/models.json
2026-05-31 18:03:20,046 - __main__ - INFO - Loaded 1207 documents from /workspaces/RAG-a-muffin/data/processed/clean.jsonl (0 skipped)
2026-05-31 18:03:20,144 - __main__ - INFO - Connected to Qdrant at localhost:6333
2026-05-31 18:03:20,144 - rag_pipeline.ingestion.benchmark_loader - INFO - Loaded 11 model entries from /workspaces/RAG-a-muffin/configs/models.json
2026-05-31 18:03:20,144 - __main__ - INFO - Ingesting 1 model(s): ['BAAI/bge-base-en-v1.5']
2026-05-31 18:03:20,144 - __main__ - INFO - ============================================================
2026-05-31 18:03:20,145 - __main__ - INFO - Model      : BAAI/bge-base-en-v1.5
2026-05-31 18:03:20,145 - __main__ - INFO - Collection : faqs_bge_base_en_v1_5_qa
2026-05-31 18:03:20,148 - __main__ - INFO - Loaded embeddings from cache: /workspaces/RAG-a-muffin/experiments/embeddings/bge_base_en_v1_5_qa.npy shape=(1207, 768)
2026-05-31 18:03:20,148 - __main__ - INFO - Embedding dims: 768
2026-05-31 18:03:20,826 - __main__ - INFO - Loaded NER enrichment for 1207 documents for 'BAAI/bge-base-en-v1.5'
2026-05-31 18:03:20,865 - __main__ - INFO - ✅ NER coverage: 1207/1207 documents (100%)
2026-05-31 18:03:20,871 - __main__ - INFO - Deleting existing collection: faqs_bge_base_en_v1_5_qa
2026-05-31 18:03:20,971 - __main__ - INFO - Upserting 1207 points to Qdrant…

Batches:   0%|          | 0/13 [00:00<?, ?it/s]
Batches:  15%|█▌        | 2/13 [00:00<00:00, 12.31it/s]
Batches:  31%|███       | 4/13 [00:00<00:00, 12.79it/s]
Batches:  46%|████▌     | 6/13 [00:00<00:00, 13.19it/s]
Batches:  62%|██████▏   | 8/13 [00:00<00:00, 13.54it/s]
Batches:  77%|███████▋  | 10/13 [00:00<00:00, 13.62it/s]
Batches:  92%|█████████▏| 12/13 [00:00<00:00, 13.53it/s]
Batches: 100%|██████████| 13/13 [00:00<00:00, 14.24it/s]
2026-05-31 18:03:21,893 - __main__ - INFO - ✅ Done: 1207 documents indexed in 'faqs_bge_base_en_v1_5_qa'
2026-05-31 18:03:21,894 - __main__ - INFO - ============================================================
2026-05-31 18:03:21,894 - __main__ - INFO - INGESTION COMPLETE
2026-05-31 18:03:21,894 - __main__ - INFO - ============================================================
2026-05-31 18:03:21,894 - __main__ - INFO - Successful: 1 models
2026-05-31 18:03:21,894 - __main__ - INFO -    - BAAI/bge-base-en-v1.5
2026-05-31 18:03:21,894 - __main__ - INFO - All models ingested successfully.

--- CMD: uv run python -m rag_pipeline.ingestion.benchmark --model "BAAI/bge-base-en-v1.5" --configs entity_boosted --collection "faqs_bge_base_en_v1_5_qa"
--- RC: 0
[INFO] Running on 463 queries (full dataset: True)

==============================================================================================================
                                          RETRIEVAL BENCHMARK REPORT                                          
==============================================================================================================

Model                          Config                    H@1      H@5      MRR    p50(ms)
------------------------------ -------------------- -------- -------- -------- ----------
bge-base-en-v1.5               entity_boosted         90.9%   98.5%  0.9441       9.5

==============================================================================================================
OVERALL WINNER: bge-base-en-v1.5 | entity_boosted (MRR: 0.9441)
==============================================================================================================
2026-05-31 18:03:27,819 - rag_pipeline.ingestion.benchmark_loader - INFO - Loaded 11 model entries from /workspaces/RAG-a-muffin/configs/models.json
2026-05-31 18:03:27,819 - rag_pipeline.ingestion.benchmark_loader - INFO - Loaded 14 retrieval configs from /workspaces/RAG-a-muffin/configs/retrieval_configs.json
2026-05-31 18:03:27,819 - __main__ - INFO - Running configs subset: ['entity_boosted']
2026-05-31 18:03:27,830 - rag_pipeline.ingestion.benchmark_loader - WARNING - Test set line 315: expected_id 'da9f03ae67' not in corpus - skipping
2026-05-31 18:03:27,830 - rag_pipeline.ingestion.benchmark_loader - WARNING - Test set line 316: expected_id 'da9f03ae67' not in corpus - skipping
2026-05-31 18:03:27,830 - rag_pipeline.ingestion.benchmark_loader - WARNING - Test set line 317: expected_id 'da9f03ae67' not in corpus - skipping
2026-05-31 18:03:27,830 - rag_pipeline.ingestion.benchmark_loader - WARNING - Test set line 318: expected_id 'da9f03ae67' not in corpus - skipping
2026-05-31 18:03:27,830 - rag_pipeline.ingestion.benchmark_loader - WARNING - Test set line 319: expected_id 'da9f03ae67' not in corpus - skipping
2026-05-31 18:03:27,831 - rag_pipeline.ingestion.benchmark_loader - WARNING - Test set line 320: expected_id 'da9f03ae67' not in corpus - skipping
2026-05-31 18:03:27,831 - rag_pipeline.ingestion.benchmark_loader - WARNING - Test set line 321: expected_id 'da9f03ae67' not in corpus - skipping
2026-05-31 18:03:27,832 - rag_pipeline.ingestion.benchmark_loader - INFO - Loaded 463 test queries from /workspaces/RAG-a-muffin/data/processed/test.jsonl (7 skipped)
2026-05-31 18:03:27,832 - rag_pipeline.ingestion.benchmark_loader - INFO - Loaded 11 model entries from /workspaces/RAG-a-muffin/configs/models.json
2026-05-31 18:03:35,567 - rag_pipeline.ingestion.benchmark_loader - INFO - Loaded 1207 topic assignments for model 'BAAI/bge-base-en-v1.5' from /workspaces/RAG-a-muffin/src/rag_pipeline/eda/topics/output/topic_assignments_all.json
2026-05-31 18:03:35,593 - __main__ - INFO - Evaluating BAAI/bge-base-en-v1.5 | Configs: ['entity_boosted']
2026-05-31 18:03:35,593 - __main__ - INFO -   Running: entity_boosted
2026-05-31 18:03:35,593 - __main__ - INFO - Config dict: {'name': 'Entity Boosted', 'search_type': 'entity_boosted', 'rrf_k': 60, 'boost_question': 5.0, 'boost_text': 5.0}
2026-05-31 18:03:35,593 - __main__ - INFO - Collection: faqs_bge_base_en_v1_5_qa
2026-05-31 18:03:35,772 - rag_pipeline.ingestion.embedding_cache - INFO - Loaded embeddings from cache: /workspaces/RAG-a-muffin/experiments/embeddings/queries_baai_bge_base_en_v1.5.npy shape=(463, 768)
2026-05-31 18:03:40,357 - __main__ - INFO -     Hit@5=98.5%  MRR=0.9441
2026-05-31 18:03:40,364 - __main__ - INFO - QueryResults saved → /workspaces/RAG-a-muffin/experiments/results/entity_boosted_query_results.jsonl
2026-05-31 18:03:41,978 - rag_pipeline.ingestion.benchmark_persistence - INFO - Saved benchmark results to /workspaces/RAG-a-muffin/experiments/results/benchmark_results.json
2026-05-31 18:03:41,979 - __main__ - INFO - ✅ Benchmark complete!
