
--- CMD: uv run python -m rag_pipeline.ingestion.ingest_models --models "BAAI/bge-base-en-v1.5" --encode-mode "qa" --no-skip-existing
--- RC: 0
2026-05-31 15:26:10,312 - rag_pipeline.ingestion.benchmark_loader - INFO - Loaded 11 model entries from /workspaces/RAG-a-muffin/configs/models.json
2026-05-31 15:26:10,589 - __main__ - INFO - Loaded 1207 documents from /workspaces/RAG-a-muffin/data/processed/clean.jsonl (0 skipped)
2026-05-31 15:26:10,700 - __main__ - INFO - Connected to Qdrant at localhost:6333
2026-05-31 15:26:10,700 - rag_pipeline.ingestion.benchmark_loader - INFO - Loaded 11 model entries from /workspaces/RAG-a-muffin/configs/models.json
2026-05-31 15:26:10,700 - __main__ - INFO - Ingesting 1 model(s): ['BAAI/bge-base-en-v1.5']
2026-05-31 15:26:10,700 - __main__ - INFO - ============================================================
2026-05-31 15:26:10,700 - __main__ - INFO - Model      : BAAI/bge-base-en-v1.5
2026-05-31 15:26:10,701 - __main__ - INFO - Collection : faqs_bge_base_en_v1_5_qa
2026-05-31 15:26:10,703 - __main__ - INFO - Loaded embeddings from cache: /workspaces/RAG-a-muffin/experiments/embeddings/bge_base_en_v1_5_qa.npy shape=(1207, 768)
2026-05-31 15:26:10,703 - __main__ - INFO - Embedding dims: 768
2026-05-31 15:26:11,147 - __main__ - INFO - Loaded NER enrichment for 1207 documents for 'BAAI/bge-base-en-v1.5'
2026-05-31 15:26:11,172 - __main__ - INFO - ✅ NER coverage: 1207/1207 documents (100%)
2026-05-31 15:26:11,179 - __main__ - INFO - Deleting existing collection: faqs_bge_base_en_v1_5_qa
2026-05-31 15:26:11,273 - __main__ - INFO - Upserting 1207 points to Qdrant…

Batches:   0%|          | 0/13 [00:00<?, ?it/s]
Batches:  15%|█▌        | 2/13 [00:00<00:00, 12.01it/s]
Batches:  31%|███       | 4/13 [00:00<00:00, 12.58it/s]
Batches:  46%|████▌     | 6/13 [00:00<00:00, 13.15it/s]
Batches:  62%|██████▏   | 8/13 [00:00<00:00, 13.49it/s]
Batches:  77%|███████▋  | 10/13 [00:00<00:00, 13.65it/s]
Batches:  92%|█████████▏| 12/13 [00:00<00:00, 13.72it/s]
Batches: 100%|██████████| 13/13 [00:00<00:00, 14.29it/s]
2026-05-31 15:26:12,190 - __main__ - INFO - ✅ Done: 1207 documents indexed in 'faqs_bge_base_en_v1_5_qa'
2026-05-31 15:26:12,191 - __main__ - INFO - ============================================================
2026-05-31 15:26:12,191 - __main__ - INFO - INGESTION COMPLETE
2026-05-31 15:26:12,191 - __main__ - INFO - ============================================================
2026-05-31 15:26:12,191 - __main__ - INFO - Successful: 1 models
2026-05-31 15:26:12,191 - __main__ - INFO -    - BAAI/bge-base-en-v1.5
2026-05-31 15:26:12,191 - __main__ - INFO - All models ingested successfully.

--- CMD: uv run python -m rag_pipeline.ingestion.ingest_models --models "BAAI/bge-base-en-v1.5" --encode-mode "qa" --no-skip-existing
--- RC: 0
2026-05-31 15:40:20,114 - rag_pipeline.ingestion.benchmark_loader - INFO - Loaded 11 model entries from /workspaces/RAG-a-muffin/configs/models.json
2026-05-31 15:40:20,395 - __main__ - INFO - Loaded 1207 documents from /workspaces/RAG-a-muffin/data/processed/clean.jsonl (0 skipped)
2026-05-31 15:40:20,484 - __main__ - INFO - Connected to Qdrant at localhost:6333
2026-05-31 15:40:20,484 - rag_pipeline.ingestion.benchmark_loader - INFO - Loaded 11 model entries from /workspaces/RAG-a-muffin/configs/models.json
2026-05-31 15:40:20,484 - __main__ - INFO - Ingesting 1 model(s): ['BAAI/bge-base-en-v1.5']
2026-05-31 15:40:20,484 - __main__ - INFO - ============================================================
2026-05-31 15:40:20,484 - __main__ - INFO - Model      : BAAI/bge-base-en-v1.5
2026-05-31 15:40:20,484 - __main__ - INFO - Collection : faqs_bge_base_en_v1_5_qa
2026-05-31 15:40:20,486 - __main__ - INFO - Loaded embeddings from cache: /workspaces/RAG-a-muffin/experiments/embeddings/bge_base_en_v1_5_qa.npy shape=(1207, 768)
2026-05-31 15:40:20,486 - __main__ - INFO - Embedding dims: 768
2026-05-31 15:40:20,952 - __main__ - INFO - Loaded NER enrichment for 1207 documents for 'BAAI/bge-base-en-v1.5'
2026-05-31 15:40:20,978 - __main__ - INFO - ✅ NER coverage: 1207/1207 documents (100%)
2026-05-31 15:40:20,985 - __main__ - INFO - Deleting existing collection: faqs_bge_base_en_v1_5_qa
2026-05-31 15:40:21,091 - __main__ - INFO - Upserting 1207 points to Qdrant…

Batches:   0%|          | 0/13 [00:00<?, ?it/s]
Batches:  15%|█▌        | 2/13 [00:00<00:00, 12.25it/s]
Batches:  31%|███       | 4/13 [00:00<00:00, 12.79it/s]
Batches:  46%|████▌     | 6/13 [00:00<00:00, 13.25it/s]
Batches:  62%|██████▏   | 8/13 [00:00<00:00, 12.95it/s]
Batches:  77%|███████▋  | 10/13 [00:00<00:00, 13.31it/s]
Batches:  92%|█████████▏| 12/13 [00:00<00:00, 13.47it/s]
Batches: 100%|██████████| 13/13 [00:00<00:00, 14.10it/s]
2026-05-31 15:40:22,020 - __main__ - INFO - ✅ Done: 1207 documents indexed in 'faqs_bge_base_en_v1_5_qa'
2026-05-31 15:40:22,021 - __main__ - INFO - ============================================================
2026-05-31 15:40:22,021 - __main__ - INFO - INGESTION COMPLETE
2026-05-31 15:40:22,021 - __main__ - INFO - ============================================================
2026-05-31 15:40:22,021 - __main__ - INFO - Successful: 1 models
2026-05-31 15:40:22,021 - __main__ - INFO -    - BAAI/bge-base-en-v1.5
2026-05-31 15:40:22,021 - __main__ - INFO - All models ingested successfully.

--- CMD: uv run python -m rag_pipeline.ingestion.benchmark --model "BAAI/bge-base-en-v1.5" --configs entity_boosted --collection "faqs_bge_base_en_v1_5_qa"
--- RC: 0
[INFO] Running on 463 queries (full dataset: True)

==============================================================================================================
                                          RETRIEVAL BENCHMARK REPORT                                          
==============================================================================================================

Model                          Config                    H@1      H@5      MRR    p50(ms)
------------------------------ -------------------- -------- -------- -------- ----------
bge-base-en-v1.5               entity_boosted         89.8%   98.5%  0.9377       9.5

==============================================================================================================
OVERALL WINNER: bge-base-en-v1.5 | entity_boosted (MRR: 0.9377)
==============================================================================================================
2026-05-31 15:40:26,580 - rag_pipeline.ingestion.benchmark_loader - INFO - Loaded 11 model entries from /workspaces/RAG-a-muffin/configs/models.json
2026-05-31 15:40:26,580 - rag_pipeline.ingestion.benchmark_loader - INFO - Loaded 14 retrieval configs from /workspaces/RAG-a-muffin/configs/retrieval_configs.json
2026-05-31 15:40:26,580 - __main__ - INFO - Running configs subset: ['entity_boosted']
2026-05-31 15:40:26,591 - rag_pipeline.ingestion.benchmark_loader - WARNING - Test set line 315: expected_id 'da9f03ae67' not in corpus - skipping
2026-05-31 15:40:26,591 - rag_pipeline.ingestion.benchmark_loader - WARNING - Test set line 316: expected_id 'da9f03ae67' not in corpus - skipping
2026-05-31 15:40:26,591 - rag_pipeline.ingestion.benchmark_loader - WARNING - Test set line 317: expected_id 'da9f03ae67' not in corpus - skipping
2026-05-31 15:40:26,592 - rag_pipeline.ingestion.benchmark_loader - WARNING - Test set line 318: expected_id 'da9f03ae67' not in corpus - skipping
2026-05-31 15:40:26,592 - rag_pipeline.ingestion.benchmark_loader - WARNING - Test set line 319: expected_id 'da9f03ae67' not in corpus - skipping
2026-05-31 15:40:26,592 - rag_pipeline.ingestion.benchmark_loader - WARNING - Test set line 320: expected_id 'da9f03ae67' not in corpus - skipping
2026-05-31 15:40:26,592 - rag_pipeline.ingestion.benchmark_loader - WARNING - Test set line 321: expected_id 'da9f03ae67' not in corpus - skipping
2026-05-31 15:40:26,593 - rag_pipeline.ingestion.benchmark_loader - INFO - Loaded 463 test queries from /workspaces/RAG-a-muffin/data/processed/test.jsonl (7 skipped)
2026-05-31 15:40:26,594 - rag_pipeline.ingestion.benchmark_loader - INFO - Loaded 11 model entries from /workspaces/RAG-a-muffin/configs/models.json
2026-05-31 15:40:34,165 - rag_pipeline.ingestion.benchmark_loader - INFO - Loaded 1207 topic assignments for model 'BAAI/bge-base-en-v1.5' from /workspaces/RAG-a-muffin/src/rag_pipeline/eda/topics/output/topic_assignments_all.json
2026-05-31 15:40:34,190 - __main__ - INFO - Evaluating BAAI/bge-base-en-v1.5 | Configs: ['entity_boosted']
2026-05-31 15:40:34,190 - __main__ - INFO -   Running: entity_boosted
2026-05-31 15:40:34,190 - __main__ - INFO - Config dict: {'name': 'Entity Boosted', 'search_type': 'entity_boosted', 'rrf_k': 60, 'boost_question': 5.0, 'boost_text': 5.0}
2026-05-31 15:40:34,190 - __main__ - INFO - Collection: faqs_bge_base_en_v1_5_qa
2026-05-31 15:40:34,361 - rag_pipeline.ingestion.embedding_cache - INFO - Loaded embeddings from cache: /workspaces/RAG-a-muffin/experiments/embeddings/queries_baai_bge_base_en_v1.5.npy shape=(463, 768)
2026-05-31 15:40:39,115 - __main__ - INFO -     Hit@5=98.5%  MRR=0.9377
2026-05-31 15:40:39,123 - __main__ - INFO - QueryResults saved → /workspaces/RAG-a-muffin/experiments/results/entity_boosted_query_results.jsonl
2026-05-31 15:40:40,804 - rag_pipeline.ingestion.benchmark_persistence - INFO - Saved benchmark results to /workspaces/RAG-a-muffin/experiments/results/benchmark_results.json
2026-05-31 15:40:40,804 - __main__ - INFO - ✅ Benchmark complete!
