
--- CMD: uv run python -m rag_pipeline.ingestion.ingest_models --models "BAAI/bge-base-en-v1.5" --encode-mode "qa" --no-skip-existing
--- RC: 0
2026-05-31 14:57:21,307 - rag_pipeline.ingestion.benchmark_loader - INFO - Loaded 11 model entries from /workspaces/RAG-a-muffin/configs/models.json
2026-05-31 14:57:21,568 - __main__ - INFO - Loaded 1207 documents from /workspaces/RAG-a-muffin/data/processed/clean.jsonl (0 skipped)
2026-05-31 14:57:21,660 - __main__ - INFO - Connected to Qdrant at localhost:6333
2026-05-31 14:57:21,661 - rag_pipeline.ingestion.benchmark_loader - INFO - Loaded 11 model entries from /workspaces/RAG-a-muffin/configs/models.json
2026-05-31 14:57:21,661 - __main__ - INFO - Ingesting 1 model(s): ['BAAI/bge-base-en-v1.5']
2026-05-31 14:57:21,661 - __main__ - INFO - ============================================================
2026-05-31 14:57:21,661 - __main__ - INFO - Model      : BAAI/bge-base-en-v1.5
2026-05-31 14:57:21,661 - __main__ - INFO - Collection : faqs_bge_base_en_v1_5_qa
2026-05-31 14:57:21,665 - __main__ - INFO - Loaded embeddings from cache: /workspaces/RAG-a-muffin/experiments/embeddings/bge_base_en_v1_5_qa.npy shape=(1207, 768)
2026-05-31 14:57:21,665 - __main__ - INFO - Embedding dims: 768
2026-05-31 14:57:22,128 - __main__ - INFO - Loaded NER enrichment for 1207 documents for 'BAAI/bge-base-en-v1.5'
2026-05-31 14:57:22,155 - __main__ - INFO - ✅ NER coverage: 1207/1207 documents (100%)
2026-05-31 14:57:22,160 - __main__ - INFO - Deleting existing collection: faqs_bge_base_en_v1_5_qa
2026-05-31 14:57:22,266 - __main__ - INFO - Upserting 1207 points to Qdrant…

Batches:   0%|          | 0/13 [00:00<?, ?it/s]
Batches:  15%|█▌        | 2/13 [00:00<00:00, 11.97it/s]
Batches:  31%|███       | 4/13 [00:00<00:00, 11.97it/s]
Batches:  46%|████▌     | 6/13 [00:00<00:00, 12.59it/s]
Batches:  62%|██████▏   | 8/13 [00:00<00:00, 13.20it/s]
Batches:  77%|███████▋  | 10/13 [00:00<00:00, 13.33it/s]
Batches:  92%|█████████▏| 12/13 [00:00<00:00, 13.31it/s]
Batches: 100%|██████████| 13/13 [00:00<00:00, 13.85it/s]
2026-05-31 14:57:23,212 - __main__ - INFO - ✅ Done: 1207 documents indexed in 'faqs_bge_base_en_v1_5_qa'
2026-05-31 14:57:23,212 - __main__ - INFO - ============================================================
2026-05-31 14:57:23,212 - __main__ - INFO - INGESTION COMPLETE
2026-05-31 14:57:23,212 - __main__ - INFO - ============================================================
2026-05-31 14:57:23,212 - __main__ - INFO - Successful: 1 models
2026-05-31 14:57:23,212 - __main__ - INFO -    - BAAI/bge-base-en-v1.5
2026-05-31 14:57:23,212 - __main__ - INFO - All models ingested successfully.

--- CMD: uv run python -m rag_pipeline.ingestion.ingest_models --models "BAAI/bge-base-en-v1.5" --encode-mode "qa" --no-skip-existing
--- RC: 0
2026-05-31 14:58:38,796 - rag_pipeline.ingestion.benchmark_loader - INFO - Loaded 11 model entries from /workspaces/RAG-a-muffin/configs/models.json
2026-05-31 14:58:39,063 - __main__ - INFO - Loaded 1207 documents from /workspaces/RAG-a-muffin/data/processed/clean.jsonl (0 skipped)
2026-05-31 14:58:39,161 - __main__ - INFO - Connected to Qdrant at localhost:6333
2026-05-31 14:58:39,162 - rag_pipeline.ingestion.benchmark_loader - INFO - Loaded 11 model entries from /workspaces/RAG-a-muffin/configs/models.json
2026-05-31 14:58:39,162 - __main__ - INFO - Ingesting 1 model(s): ['BAAI/bge-base-en-v1.5']
2026-05-31 14:58:39,162 - __main__ - INFO - ============================================================
2026-05-31 14:58:39,162 - __main__ - INFO - Model      : BAAI/bge-base-en-v1.5
2026-05-31 14:58:39,162 - __main__ - INFO - Collection : faqs_bge_base_en_v1_5_qa
2026-05-31 14:58:39,165 - __main__ - INFO - Loaded embeddings from cache: /workspaces/RAG-a-muffin/experiments/embeddings/bge_base_en_v1_5_qa.npy shape=(1207, 768)
2026-05-31 14:58:39,165 - __main__ - INFO - Embedding dims: 768
2026-05-31 14:58:39,744 - __main__ - INFO - Loaded NER enrichment for 1207 documents for 'BAAI/bge-base-en-v1.5'
2026-05-31 14:58:39,783 - __main__ - INFO - ✅ NER coverage: 1207/1207 documents (100%)
2026-05-31 14:58:39,789 - __main__ - INFO - Deleting existing collection: faqs_bge_base_en_v1_5_qa
2026-05-31 14:58:39,891 - __main__ - INFO - Upserting 1207 points to Qdrant…

Batches:   0%|          | 0/13 [00:00<?, ?it/s]
Batches:  15%|█▌        | 2/13 [00:00<00:00, 12.47it/s]
Batches:  31%|███       | 4/13 [00:00<00:00, 13.11it/s]
Batches:  46%|████▌     | 6/13 [00:00<00:00, 13.19it/s]
Batches:  62%|██████▏   | 8/13 [00:00<00:00, 13.49it/s]
Batches:  77%|███████▋  | 10/13 [00:00<00:00, 13.54it/s]
Batches:  92%|█████████▏| 12/13 [00:00<00:00, 13.63it/s]
Batches: 100%|██████████| 13/13 [00:00<00:00, 14.34it/s]
2026-05-31 14:58:40,804 - __main__ - INFO - ✅ Done: 1207 documents indexed in 'faqs_bge_base_en_v1_5_qa'
2026-05-31 14:58:40,805 - __main__ - INFO - ============================================================
2026-05-31 14:58:40,805 - __main__ - INFO - INGESTION COMPLETE
2026-05-31 14:58:40,805 - __main__ - INFO - ============================================================
2026-05-31 14:58:40,805 - __main__ - INFO - Successful: 1 models
2026-05-31 14:58:40,805 - __main__ - INFO -    - BAAI/bge-base-en-v1.5
2026-05-31 14:58:40,805 - __main__ - INFO - All models ingested successfully.

--- CMD: uv run python -m rag_pipeline.ingestion.ingest_models --models "BAAI/bge-base-en-v1.5" --encode-mode "qa" --no-skip-existing
--- RC: 0
2026-05-31 15:02:43,889 - rag_pipeline.ingestion.benchmark_loader - INFO - Loaded 11 model entries from /workspaces/RAG-a-muffin/configs/models.json
2026-05-31 15:02:44,266 - __main__ - INFO - Loaded 1207 documents from /workspaces/RAG-a-muffin/data/processed/clean.jsonl (0 skipped)
2026-05-31 15:02:44,362 - __main__ - INFO - Connected to Qdrant at localhost:6333
2026-05-31 15:02:44,362 - rag_pipeline.ingestion.benchmark_loader - INFO - Loaded 11 model entries from /workspaces/RAG-a-muffin/configs/models.json
2026-05-31 15:02:44,362 - __main__ - INFO - Ingesting 1 model(s): ['BAAI/bge-base-en-v1.5']
2026-05-31 15:02:44,362 - __main__ - INFO - ============================================================
2026-05-31 15:02:44,362 - __main__ - INFO - Model      : BAAI/bge-base-en-v1.5
2026-05-31 15:02:44,362 - __main__ - INFO - Collection : faqs_bge_base_en_v1_5_qa
2026-05-31 15:02:44,364 - __main__ - INFO - Loaded embeddings from cache: /workspaces/RAG-a-muffin/experiments/embeddings/bge_base_en_v1_5_qa.npy shape=(1207, 768)
2026-05-31 15:02:44,364 - __main__ - INFO - Embedding dims: 768
2026-05-31 15:02:44,809 - __main__ - INFO - Loaded NER enrichment for 1207 documents for 'BAAI/bge-base-en-v1.5'
2026-05-31 15:02:44,835 - __main__ - INFO - ✅ NER coverage: 1207/1207 documents (100%)
2026-05-31 15:02:44,840 - __main__ - INFO - Deleting existing collection: faqs_bge_base_en_v1_5_qa
2026-05-31 15:02:44,929 - __main__ - INFO - Upserting 1207 points to Qdrant…

Batches:   0%|          | 0/13 [00:00<?, ?it/s]
Batches:  15%|█▌        | 2/13 [00:00<00:00, 12.57it/s]
Batches:  31%|███       | 4/13 [00:00<00:00, 12.34it/s]
Batches:  46%|████▌     | 6/13 [00:00<00:00, 12.88it/s]
Batches:  62%|██████▏   | 8/13 [00:00<00:00, 13.40it/s]
Batches:  77%|███████▋  | 10/13 [00:00<00:00, 13.62it/s]
Batches:  92%|█████████▏| 12/13 [00:00<00:00, 13.71it/s]
Batches: 100%|██████████| 13/13 [00:00<00:00, 14.27it/s]
2026-05-31 15:02:45,847 - __main__ - INFO - ✅ Done: 1207 documents indexed in 'faqs_bge_base_en_v1_5_qa'
2026-05-31 15:02:45,848 - __main__ - INFO - ============================================================
2026-05-31 15:02:45,848 - __main__ - INFO - INGESTION COMPLETE
2026-05-31 15:02:45,848 - __main__ - INFO - ============================================================
2026-05-31 15:02:45,848 - __main__ - INFO - Successful: 1 models
2026-05-31 15:02:45,848 - __main__ - INFO -    - BAAI/bge-base-en-v1.5
2026-05-31 15:02:45,848 - __main__ - INFO - All models ingested successfully.

--- CMD: uv run python -m rag_pipeline.ingestion.ingest_models --models "BAAI/bge-base-en-v1.5" --encode-mode "qa" --no-skip-existing
--- RC: 0
2026-05-31 15:21:33,076 - rag_pipeline.ingestion.benchmark_loader - INFO - Loaded 11 model entries from /workspaces/RAG-a-muffin/configs/models.json
2026-05-31 15:21:33,532 - __main__ - INFO - Loaded 1207 documents from /workspaces/RAG-a-muffin/data/processed/clean.jsonl (0 skipped)
2026-05-31 15:21:33,648 - __main__ - INFO - Connected to Qdrant at localhost:6333
2026-05-31 15:21:33,649 - rag_pipeline.ingestion.benchmark_loader - INFO - Loaded 11 model entries from /workspaces/RAG-a-muffin/configs/models.json
2026-05-31 15:21:33,649 - __main__ - INFO - Ingesting 1 model(s): ['BAAI/bge-base-en-v1.5']
2026-05-31 15:21:33,649 - __main__ - INFO - ============================================================
2026-05-31 15:21:33,649 - __main__ - INFO - Model      : BAAI/bge-base-en-v1.5
2026-05-31 15:21:33,649 - __main__ - INFO - Collection : faqs_bge_base_en_v1_5_qa
2026-05-31 15:21:33,652 - __main__ - INFO - Loaded embeddings from cache: /workspaces/RAG-a-muffin/experiments/embeddings/bge_base_en_v1_5_qa.npy shape=(1207, 768)
2026-05-31 15:21:33,652 - __main__ - INFO - Embedding dims: 768
2026-05-31 15:21:34,102 - __main__ - INFO - Loaded NER enrichment for 1207 documents for 'BAAI/bge-base-en-v1.5'
2026-05-31 15:21:34,127 - __main__ - INFO - ✅ NER coverage: 1207/1207 documents (100%)
2026-05-31 15:21:34,134 - __main__ - INFO - Deleting existing collection: faqs_bge_base_en_v1_5_qa
2026-05-31 15:21:34,232 - __main__ - INFO - Upserting 1207 points to Qdrant…

Batches:   0%|          | 0/13 [00:00<?, ?it/s]
Batches:  15%|█▌        | 2/13 [00:00<00:00, 11.78it/s]
Batches:  31%|███       | 4/13 [00:00<00:00, 12.47it/s]
Batches:  46%|████▌     | 6/13 [00:00<00:00, 12.86it/s]
Batches:  62%|██████▏   | 8/13 [00:00<00:00, 12.69it/s]
Batches:  77%|███████▋  | 10/13 [00:00<00:00, 13.00it/s]
Batches:  92%|█████████▏| 12/13 [00:00<00:00, 13.22it/s]
Batches: 100%|██████████| 13/13 [00:00<00:00, 13.79it/s]
2026-05-31 15:21:35,181 - __main__ - INFO - ✅ Done: 1207 documents indexed in 'faqs_bge_base_en_v1_5_qa'
2026-05-31 15:21:35,182 - __main__ - INFO - ============================================================
2026-05-31 15:21:35,182 - __main__ - INFO - INGESTION COMPLETE
2026-05-31 15:21:35,182 - __main__ - INFO - ============================================================
2026-05-31 15:21:35,182 - __main__ - INFO - Successful: 1 models
2026-05-31 15:21:35,182 - __main__ - INFO -    - BAAI/bge-base-en-v1.5
2026-05-31 15:21:35,182 - __main__ - INFO - All models ingested successfully.

--- CMD: uv run python -m rag_pipeline.ingestion.benchmark --model "BAAI/bge-base-en-v1.5" --configs entity_boosted --collection "faqs_bge_base_en_v1_5_qa"
--- RC: 0
[INFO] Running on 463 queries (full dataset: True)

==============================================================================================================
                                          RETRIEVAL BENCHMARK REPORT                                          
==============================================================================================================

Model                          Config                    H@1      H@5      MRR    p50(ms)
------------------------------ -------------------- -------- -------- -------- ----------
bge-base-en-v1.5               entity_boosted          0.0%    0.0%  0.0000       9.2

==============================================================================================================
OVERALL WINNER: bge-base-en-v1.5 | entity_boosted (MRR: 0.0000)
==============================================================================================================
2026-05-31 15:21:40,141 - rag_pipeline.ingestion.benchmark_loader - INFO - Loaded 11 model entries from /workspaces/RAG-a-muffin/configs/models.json
2026-05-31 15:21:40,141 - rag_pipeline.ingestion.benchmark_loader - INFO - Loaded 14 retrieval configs from /workspaces/RAG-a-muffin/configs/retrieval_configs.json
2026-05-31 15:21:40,141 - __main__ - INFO - Running configs subset: ['entity_boosted']
2026-05-31 15:21:40,152 - rag_pipeline.ingestion.benchmark_loader - WARNING - Test set line 315: expected_id 'da9f03ae67' not in corpus - skipping
2026-05-31 15:21:40,152 - rag_pipeline.ingestion.benchmark_loader - WARNING - Test set line 316: expected_id 'da9f03ae67' not in corpus - skipping
2026-05-31 15:21:40,152 - rag_pipeline.ingestion.benchmark_loader - WARNING - Test set line 317: expected_id 'da9f03ae67' not in corpus - skipping
2026-05-31 15:21:40,152 - rag_pipeline.ingestion.benchmark_loader - WARNING - Test set line 318: expected_id 'da9f03ae67' not in corpus - skipping
2026-05-31 15:21:40,152 - rag_pipeline.ingestion.benchmark_loader - WARNING - Test set line 319: expected_id 'da9f03ae67' not in corpus - skipping
2026-05-31 15:21:40,152 - rag_pipeline.ingestion.benchmark_loader - WARNING - Test set line 320: expected_id 'da9f03ae67' not in corpus - skipping
2026-05-31 15:21:40,152 - rag_pipeline.ingestion.benchmark_loader - WARNING - Test set line 321: expected_id 'da9f03ae67' not in corpus - skipping
2026-05-31 15:21:40,154 - rag_pipeline.ingestion.benchmark_loader - INFO - Loaded 463 test queries from /workspaces/RAG-a-muffin/data/processed/test.jsonl (7 skipped)
2026-05-31 15:21:40,154 - rag_pipeline.ingestion.benchmark_loader - INFO - Loaded 11 model entries from /workspaces/RAG-a-muffin/configs/models.json
2026-05-31 15:21:47,680 - rag_pipeline.ingestion.benchmark_loader - INFO - Loaded 1207 topic assignments for model 'BAAI/bge-base-en-v1.5' from /workspaces/RAG-a-muffin/src/rag_pipeline/eda/topics/output/topic_assignments_all.json
2026-05-31 15:21:47,704 - __main__ - INFO - Evaluating BAAI/bge-base-en-v1.5 | Configs: ['entity_boosted']
2026-05-31 15:21:47,704 - __main__ - INFO -   Running: entity_boosted
2026-05-31 15:21:47,704 - __main__ - INFO - Config dict: {'name': 'Entity Boosted', 'search_type': 'entity_boosted', 'rrf_k': 60, 'boost_question': 5.0, 'boost_text': 5.0}
2026-05-31 15:21:47,704 - __main__ - INFO - Collection: faqs_bge_base_en_v1_5_qa
2026-05-31 15:21:47,882 - rag_pipeline.ingestion.embedding_cache - INFO - Loaded embeddings from cache: /workspaces/RAG-a-muffin/experiments/embeddings/queries_baai_bge_base_en_v1.5.npy shape=(463, 768)
2026-05-31 15:21:52,418 - __main__ - INFO -     Hit@5=0.0%  MRR=0.0000
2026-05-31 15:21:52,422 - __main__ - INFO - QueryResults saved → /workspaces/RAG-a-muffin/experiments/results/entity_boosted_query_results.jsonl
2026-05-31 15:21:54,090 - rag_pipeline.ingestion.benchmark_persistence - INFO - Saved benchmark results to /workspaces/RAG-a-muffin/experiments/results/benchmark_results.json
2026-05-31 15:21:54,091 - __main__ - INFO - ✅ Benchmark complete!

--- CMD: uv run python -m rag_pipeline.ingestion.ingest_models --models "BAAI/bge-base-en-v1.5" --encode-mode "qa" --no-skip-existing
--- RC: 0
2026-05-31 15:23:51,575 - rag_pipeline.ingestion.benchmark_loader - INFO - Loaded 11 model entries from /workspaces/RAG-a-muffin/configs/models.json
2026-05-31 15:23:51,965 - __main__ - INFO - Loaded 1207 documents from /workspaces/RAG-a-muffin/data/processed/clean.jsonl (0 skipped)
2026-05-31 15:23:52,063 - __main__ - INFO - Connected to Qdrant at localhost:6333
2026-05-31 15:23:52,063 - rag_pipeline.ingestion.benchmark_loader - INFO - Loaded 11 model entries from /workspaces/RAG-a-muffin/configs/models.json
2026-05-31 15:23:52,063 - __main__ - INFO - Ingesting 1 model(s): ['BAAI/bge-base-en-v1.5']
2026-05-31 15:23:52,064 - __main__ - INFO - ============================================================
2026-05-31 15:23:52,064 - __main__ - INFO - Model      : BAAI/bge-base-en-v1.5
2026-05-31 15:23:52,064 - __main__ - INFO - Collection : faqs_bge_base_en_v1_5_qa
2026-05-31 15:23:52,066 - __main__ - INFO - Loaded embeddings from cache: /workspaces/RAG-a-muffin/experiments/embeddings/bge_base_en_v1_5_qa.npy shape=(1207, 768)
2026-05-31 15:23:52,066 - __main__ - INFO - Embedding dims: 768
2026-05-31 15:23:52,517 - __main__ - INFO - Loaded NER enrichment for 1207 documents for 'BAAI/bge-base-en-v1.5'
2026-05-31 15:23:52,542 - __main__ - INFO - ✅ NER coverage: 1207/1207 documents (100%)
2026-05-31 15:23:52,549 - __main__ - INFO - Deleting existing collection: faqs_bge_base_en_v1_5_qa
2026-05-31 15:23:52,640 - __main__ - INFO - Upserting 1207 points to Qdrant…

Batches:   0%|          | 0/13 [00:00<?, ?it/s]
Batches:  15%|█▌        | 2/13 [00:00<00:00, 12.38it/s]
Batches:  31%|███       | 4/13 [00:00<00:00, 13.03it/s]
Batches:  46%|████▌     | 6/13 [00:00<00:00, 13.25it/s]
Batches:  62%|██████▏   | 8/13 [00:00<00:00, 13.41it/s]
Batches:  77%|███████▋  | 10/13 [00:00<00:00, 13.58it/s]
Batches:  92%|█████████▏| 12/13 [00:00<00:00, 13.43it/s]
Batches: 100%|██████████| 13/13 [00:00<00:00, 14.22it/s]
2026-05-31 15:23:53,562 - __main__ - INFO - ✅ Done: 1207 documents indexed in 'faqs_bge_base_en_v1_5_qa'
2026-05-31 15:23:53,563 - __main__ - INFO - ============================================================
2026-05-31 15:23:53,563 - __main__ - INFO - INGESTION COMPLETE
2026-05-31 15:23:53,563 - __main__ - INFO - ============================================================
2026-05-31 15:23:53,563 - __main__ - INFO - Successful: 1 models
2026-05-31 15:23:53,563 - __main__ - INFO -    - BAAI/bge-base-en-v1.5
2026-05-31 15:23:53,563 - __main__ - INFO - All models ingested successfully.

--- CMD: uv run python -m rag_pipeline.ingestion.benchmark --model "BAAI/bge-base-en-v1.5" --configs entity_boosted --collection "faqs_bge_base_en_v1_5_qa"
--- RC: 0
[INFO] Running on 463 queries (full dataset: True)

==============================================================================================================
                                          RETRIEVAL BENCHMARK REPORT                                          
==============================================================================================================

Model                          Config                    H@1      H@5      MRR    p50(ms)
------------------------------ -------------------- -------- -------- -------- ----------
bge-base-en-v1.5               entity_boosted          0.0%    0.0%  0.0000       9.0

==============================================================================================================
OVERALL WINNER: bge-base-en-v1.5 | entity_boosted (MRR: 0.0000)
==============================================================================================================
2026-05-31 15:23:59,046 - rag_pipeline.ingestion.benchmark_loader - INFO - Loaded 11 model entries from /workspaces/RAG-a-muffin/configs/models.json
2026-05-31 15:23:59,047 - rag_pipeline.ingestion.benchmark_loader - INFO - Loaded 14 retrieval configs from /workspaces/RAG-a-muffin/configs/retrieval_configs.json
2026-05-31 15:23:59,047 - __main__ - INFO - Running configs subset: ['entity_boosted']
2026-05-31 15:23:59,056 - rag_pipeline.ingestion.benchmark_loader - WARNING - Test set line 315: expected_id 'da9f03ae67' not in corpus - skipping
2026-05-31 15:23:59,057 - rag_pipeline.ingestion.benchmark_loader - WARNING - Test set line 316: expected_id 'da9f03ae67' not in corpus - skipping
2026-05-31 15:23:59,057 - rag_pipeline.ingestion.benchmark_loader - WARNING - Test set line 317: expected_id 'da9f03ae67' not in corpus - skipping
2026-05-31 15:23:59,057 - rag_pipeline.ingestion.benchmark_loader - WARNING - Test set line 318: expected_id 'da9f03ae67' not in corpus - skipping
2026-05-31 15:23:59,057 - rag_pipeline.ingestion.benchmark_loader - WARNING - Test set line 319: expected_id 'da9f03ae67' not in corpus - skipping
2026-05-31 15:23:59,057 - rag_pipeline.ingestion.benchmark_loader - WARNING - Test set line 320: expected_id 'da9f03ae67' not in corpus - skipping
2026-05-31 15:23:59,057 - rag_pipeline.ingestion.benchmark_loader - WARNING - Test set line 321: expected_id 'da9f03ae67' not in corpus - skipping
2026-05-31 15:23:59,058 - rag_pipeline.ingestion.benchmark_loader - INFO - Loaded 463 test queries from /workspaces/RAG-a-muffin/data/processed/test.jsonl (7 skipped)
2026-05-31 15:23:59,058 - rag_pipeline.ingestion.benchmark_loader - INFO - Loaded 11 model entries from /workspaces/RAG-a-muffin/configs/models.json
2026-05-31 15:24:06,764 - rag_pipeline.ingestion.benchmark_loader - INFO - Loaded 1207 topic assignments for model 'BAAI/bge-base-en-v1.5' from /workspaces/RAG-a-muffin/src/rag_pipeline/eda/topics/output/topic_assignments_all.json
2026-05-31 15:24:06,788 - __main__ - INFO - Evaluating BAAI/bge-base-en-v1.5 | Configs: ['entity_boosted']
2026-05-31 15:24:06,789 - __main__ - INFO -   Running: entity_boosted
2026-05-31 15:24:06,789 - __main__ - INFO - Config dict: {'name': 'Entity Boosted', 'search_type': 'entity_boosted', 'rrf_k': 60, 'boost_question': 5.0, 'boost_text': 5.0}
2026-05-31 15:24:06,789 - __main__ - INFO - Collection: faqs_bge_base_en_v1_5_qa
2026-05-31 15:24:06,964 - rag_pipeline.ingestion.embedding_cache - INFO - Loaded embeddings from cache: /workspaces/RAG-a-muffin/experiments/embeddings/queries_baai_bge_base_en_v1.5.npy shape=(463, 768)
2026-05-31 15:24:11,498 - __main__ - INFO -     Hit@5=0.0%  MRR=0.0000
2026-05-31 15:24:11,503 - __main__ - INFO - QueryResults saved → /workspaces/RAG-a-muffin/experiments/results/entity_boosted_query_results.jsonl
2026-05-31 15:24:13,165 - rag_pipeline.ingestion.benchmark_persistence - INFO - Saved benchmark results to /workspaces/RAG-a-muffin/experiments/results/benchmark_results.json
2026-05-31 15:24:13,166 - __main__ - INFO - ✅ Benchmark complete!

--- CMD: uv run python -m rag_pipeline.ingestion.ingest_models --models "BAAI/bge-base-en-v1.5" --encode-mode "qa" --no-skip-existing
--- RC: 0
2026-05-31 15:29:52,089 - rag_pipeline.ingestion.benchmark_loader - INFO - Loaded 11 model entries from /workspaces/RAG-a-muffin/configs/models.json
2026-05-31 15:29:52,376 - __main__ - INFO - Loaded 1207 documents from /workspaces/RAG-a-muffin/data/processed/clean.jsonl (0 skipped)
2026-05-31 15:29:52,475 - __main__ - INFO - Connected to Qdrant at localhost:6333
2026-05-31 15:29:52,476 - rag_pipeline.ingestion.benchmark_loader - INFO - Loaded 11 model entries from /workspaces/RAG-a-muffin/configs/models.json
2026-05-31 15:29:52,476 - __main__ - INFO - Ingesting 1 model(s): ['BAAI/bge-base-en-v1.5']
2026-05-31 15:29:52,476 - __main__ - INFO - ============================================================
2026-05-31 15:29:52,476 - __main__ - INFO - Model      : BAAI/bge-base-en-v1.5
2026-05-31 15:29:52,476 - __main__ - INFO - Collection : faqs_bge_base_en_v1_5_qa
2026-05-31 15:29:52,479 - __main__ - INFO - Loaded embeddings from cache: /workspaces/RAG-a-muffin/experiments/embeddings/bge_base_en_v1_5_qa.npy shape=(1207, 768)
2026-05-31 15:29:52,479 - __main__ - INFO - Embedding dims: 768
2026-05-31 15:29:52,932 - __main__ - INFO - Loaded NER enrichment for 1207 documents for 'BAAI/bge-base-en-v1.5'
2026-05-31 15:29:52,957 - __main__ - INFO - ✅ NER coverage: 1207/1207 documents (100%)
2026-05-31 15:29:52,963 - __main__ - INFO - Deleting existing collection: faqs_bge_base_en_v1_5_qa
2026-05-31 15:29:53,055 - __main__ - INFO - Upserting 1207 points to Qdrant…

Batches:   0%|          | 0/13 [00:00<?, ?it/s]
Batches:  15%|█▌        | 2/13 [00:00<00:00, 11.85it/s]
Batches:  31%|███       | 4/13 [00:00<00:00, 12.66it/s]
Batches:  46%|████▌     | 6/13 [00:00<00:00, 12.96it/s]
Batches:  62%|██████▏   | 8/13 [00:00<00:00, 12.66it/s]
Batches:  77%|███████▋  | 10/13 [00:00<00:00, 12.99it/s]
Batches:  92%|█████████▏| 12/13 [00:00<00:00, 13.27it/s]
Batches: 100%|██████████| 13/13 [00:00<00:00, 13.85it/s]
2026-05-31 15:29:54,001 - __main__ - INFO - ✅ Done: 1207 documents indexed in 'faqs_bge_base_en_v1_5_qa'
2026-05-31 15:29:54,002 - __main__ - INFO - ============================================================
2026-05-31 15:29:54,003 - __main__ - INFO - INGESTION COMPLETE
2026-05-31 15:29:54,003 - __main__ - INFO - ============================================================
2026-05-31 15:29:54,003 - __main__ - INFO - Successful: 1 models
2026-05-31 15:29:54,003 - __main__ - INFO -    - BAAI/bge-base-en-v1.5
2026-05-31 15:29:54,003 - __main__ - INFO - All models ingested successfully.

--- CMD: uv run python -m rag_pipeline.ingestion.benchmark --model "BAAI/bge-base-en-v1.5" --configs entity_boosted --collection "faqs_bge_base_en_v1_5_qa"
--- RC: 0
[INFO] Running on 463 queries (full dataset: True)

==============================================================================================================
                                          RETRIEVAL BENCHMARK REPORT                                          
==============================================================================================================

Model                          Config                    H@1      H@5      MRR    p50(ms)
------------------------------ -------------------- -------- -------- -------- ----------
bge-base-en-v1.5               entity_boosted         89.8%   98.5%  0.9377       9.4

==============================================================================================================
OVERALL WINNER: bge-base-en-v1.5 | entity_boosted (MRR: 0.9377)
==============================================================================================================
2026-05-31 15:29:58,843 - rag_pipeline.ingestion.benchmark_loader - INFO - Loaded 11 model entries from /workspaces/RAG-a-muffin/configs/models.json
2026-05-31 15:29:58,843 - rag_pipeline.ingestion.benchmark_loader - INFO - Loaded 14 retrieval configs from /workspaces/RAG-a-muffin/configs/retrieval_configs.json
2026-05-31 15:29:58,843 - __main__ - INFO - Running configs subset: ['entity_boosted']
2026-05-31 15:29:58,853 - rag_pipeline.ingestion.benchmark_loader - WARNING - Test set line 315: expected_id 'da9f03ae67' not in corpus - skipping
2026-05-31 15:29:58,853 - rag_pipeline.ingestion.benchmark_loader - WARNING - Test set line 316: expected_id 'da9f03ae67' not in corpus - skipping
2026-05-31 15:29:58,853 - rag_pipeline.ingestion.benchmark_loader - WARNING - Test set line 317: expected_id 'da9f03ae67' not in corpus - skipping
2026-05-31 15:29:58,853 - rag_pipeline.ingestion.benchmark_loader - WARNING - Test set line 318: expected_id 'da9f03ae67' not in corpus - skipping
2026-05-31 15:29:58,853 - rag_pipeline.ingestion.benchmark_loader - WARNING - Test set line 319: expected_id 'da9f03ae67' not in corpus - skipping
2026-05-31 15:29:58,853 - rag_pipeline.ingestion.benchmark_loader - WARNING - Test set line 320: expected_id 'da9f03ae67' not in corpus - skipping
2026-05-31 15:29:58,853 - rag_pipeline.ingestion.benchmark_loader - WARNING - Test set line 321: expected_id 'da9f03ae67' not in corpus - skipping
2026-05-31 15:29:58,855 - rag_pipeline.ingestion.benchmark_loader - INFO - Loaded 463 test queries from /workspaces/RAG-a-muffin/data/processed/test.jsonl (7 skipped)
2026-05-31 15:29:58,855 - rag_pipeline.ingestion.benchmark_loader - INFO - Loaded 11 model entries from /workspaces/RAG-a-muffin/configs/models.json
2026-05-31 15:30:06,454 - rag_pipeline.ingestion.benchmark_loader - INFO - Loaded 1207 topic assignments for model 'BAAI/bge-base-en-v1.5' from /workspaces/RAG-a-muffin/src/rag_pipeline/eda/topics/output/topic_assignments_all.json
2026-05-31 15:30:06,492 - __main__ - INFO - Evaluating BAAI/bge-base-en-v1.5 | Configs: ['entity_boosted']
2026-05-31 15:30:06,493 - __main__ - INFO -   Running: entity_boosted
2026-05-31 15:30:06,493 - __main__ - INFO - Config dict: {'name': 'Entity Boosted', 'search_type': 'entity_boosted', 'rrf_k': 60, 'boost_question': 5.0, 'boost_text': 5.0}
2026-05-31 15:30:06,493 - __main__ - INFO - Collection: faqs_bge_base_en_v1_5_qa
2026-05-31 15:30:06,662 - rag_pipeline.ingestion.embedding_cache - INFO - Loaded embeddings from cache: /workspaces/RAG-a-muffin/experiments/embeddings/queries_baai_bge_base_en_v1.5.npy shape=(463, 768)
2026-05-31 15:30:11,392 - __main__ - INFO -     Hit@5=98.5%  MRR=0.9377
2026-05-31 15:30:11,400 - __main__ - INFO - QueryResults saved → /workspaces/RAG-a-muffin/experiments/results/entity_boosted_query_results.jsonl
2026-05-31 15:30:12,809 - rag_pipeline.ingestion.benchmark_persistence - INFO - Saved benchmark results to /workspaces/RAG-a-muffin/experiments/results/benchmark_results.json
2026-05-31 15:30:12,809 - __main__ - INFO - ✅ Benchmark complete!

--- CMD: uv run python -m rag_pipeline.ingestion.ingest_models --models "BAAI/bge-base-en-v1.5" --encode-mode "qa" --no-skip-existing
--- RC: 0
2026-05-31 15:35:23,477 - rag_pipeline.ingestion.benchmark_loader - INFO - Loaded 11 model entries from /workspaces/RAG-a-muffin/configs/models.json
2026-05-31 15:35:23,770 - __main__ - INFO - Loaded 1207 documents from /workspaces/RAG-a-muffin/data/processed/clean.jsonl (0 skipped)
2026-05-31 15:35:23,864 - __main__ - INFO - Connected to Qdrant at localhost:6333
2026-05-31 15:35:23,864 - rag_pipeline.ingestion.benchmark_loader - INFO - Loaded 11 model entries from /workspaces/RAG-a-muffin/configs/models.json
2026-05-31 15:35:23,864 - __main__ - INFO - Ingesting 1 model(s): ['BAAI/bge-base-en-v1.5']
2026-05-31 15:35:23,865 - __main__ - INFO - ============================================================
2026-05-31 15:35:23,865 - __main__ - INFO - Model      : BAAI/bge-base-en-v1.5
2026-05-31 15:35:23,865 - __main__ - INFO - Collection : faqs_bge_base_en_v1_5_qa
2026-05-31 15:35:23,868 - __main__ - INFO - Loaded embeddings from cache: /workspaces/RAG-a-muffin/experiments/embeddings/bge_base_en_v1_5_qa.npy shape=(1207, 768)
2026-05-31 15:35:23,868 - __main__ - INFO - Embedding dims: 768
2026-05-31 15:35:24,323 - __main__ - INFO - Loaded NER enrichment for 1207 documents for 'BAAI/bge-base-en-v1.5'
2026-05-31 15:35:24,349 - __main__ - INFO - ✅ NER coverage: 1207/1207 documents (100%)
2026-05-31 15:35:24,355 - __main__ - INFO - Deleting existing collection: faqs_bge_base_en_v1_5_qa
2026-05-31 15:35:24,448 - __main__ - INFO - Upserting 1207 points to Qdrant…

Batches:   0%|          | 0/13 [00:00<?, ?it/s]
Batches:  15%|█▌        | 2/13 [00:00<00:00, 12.06it/s]
Batches:  31%|███       | 4/13 [00:00<00:00, 12.72it/s]
Batches:  46%|████▌     | 6/13 [00:00<00:00, 13.27it/s]
Batches:  62%|██████▏   | 8/13 [00:00<00:00, 13.65it/s]
Batches:  77%|███████▋  | 10/13 [00:00<00:00, 13.73it/s]
Batches:  92%|█████████▏| 12/13 [00:00<00:00, 13.81it/s]
Batches: 100%|██████████| 13/13 [00:00<00:00, 14.43it/s]
2026-05-31 15:35:25,355 - __main__ - INFO - ✅ Done: 1207 documents indexed in 'faqs_bge_base_en_v1_5_qa'
2026-05-31 15:35:25,356 - __main__ - INFO - ============================================================
2026-05-31 15:35:25,356 - __main__ - INFO - INGESTION COMPLETE
2026-05-31 15:35:25,356 - __main__ - INFO - ============================================================
2026-05-31 15:35:25,356 - __main__ - INFO - Successful: 1 models
2026-05-31 15:35:25,356 - __main__ - INFO -    - BAAI/bge-base-en-v1.5
2026-05-31 15:35:25,356 - __main__ - INFO - All models ingested successfully.

--- CMD: uv run python -m rag_pipeline.ingestion.benchmark --model "BAAI/bge-base-en-v1.5" --configs entity_boosted --collection "faqs_bge_base_en_v1_5_qa"
--- RC: 0
[INFO] Running on 463 queries (full dataset: True)

==============================================================================================================
                                          RETRIEVAL BENCHMARK REPORT                                          
==============================================================================================================

Model                          Config                    H@1      H@5      MRR    p50(ms)
------------------------------ -------------------- -------- -------- -------- ----------
bge-base-en-v1.5               entity_boosted         89.8%   98.5%  0.9377       9.6

==============================================================================================================
OVERALL WINNER: bge-base-en-v1.5 | entity_boosted (MRR: 0.9377)
==============================================================================================================
2026-05-31 15:35:30,739 - rag_pipeline.ingestion.benchmark_loader - INFO - Loaded 11 model entries from /workspaces/RAG-a-muffin/configs/models.json
2026-05-31 15:35:30,739 - rag_pipeline.ingestion.benchmark_loader - INFO - Loaded 14 retrieval configs from /workspaces/RAG-a-muffin/configs/retrieval_configs.json
2026-05-31 15:35:30,739 - __main__ - INFO - Running configs subset: ['entity_boosted']
2026-05-31 15:35:30,749 - rag_pipeline.ingestion.benchmark_loader - WARNING - Test set line 315: expected_id 'da9f03ae67' not in corpus - skipping
2026-05-31 15:35:30,749 - rag_pipeline.ingestion.benchmark_loader - WARNING - Test set line 316: expected_id 'da9f03ae67' not in corpus - skipping
2026-05-31 15:35:30,749 - rag_pipeline.ingestion.benchmark_loader - WARNING - Test set line 317: expected_id 'da9f03ae67' not in corpus - skipping
2026-05-31 15:35:30,749 - rag_pipeline.ingestion.benchmark_loader - WARNING - Test set line 318: expected_id 'da9f03ae67' not in corpus - skipping
2026-05-31 15:35:30,749 - rag_pipeline.ingestion.benchmark_loader - WARNING - Test set line 319: expected_id 'da9f03ae67' not in corpus - skipping
2026-05-31 15:35:30,749 - rag_pipeline.ingestion.benchmark_loader - WARNING - Test set line 320: expected_id 'da9f03ae67' not in corpus - skipping
2026-05-31 15:35:30,749 - rag_pipeline.ingestion.benchmark_loader - WARNING - Test set line 321: expected_id 'da9f03ae67' not in corpus - skipping
2026-05-31 15:35:30,751 - rag_pipeline.ingestion.benchmark_loader - INFO - Loaded 463 test queries from /workspaces/RAG-a-muffin/data/processed/test.jsonl (7 skipped)
2026-05-31 15:35:30,751 - rag_pipeline.ingestion.benchmark_loader - INFO - Loaded 11 model entries from /workspaces/RAG-a-muffin/configs/models.json
2026-05-31 15:35:38,239 - rag_pipeline.ingestion.benchmark_loader - INFO - Loaded 1207 topic assignments for model 'BAAI/bge-base-en-v1.5' from /workspaces/RAG-a-muffin/src/rag_pipeline/eda/topics/output/topic_assignments_all.json
2026-05-31 15:35:38,276 - __main__ - INFO - Evaluating BAAI/bge-base-en-v1.5 | Configs: ['entity_boosted']
2026-05-31 15:35:38,276 - __main__ - INFO -   Running: entity_boosted
2026-05-31 15:35:38,276 - __main__ - INFO - Config dict: {'name': 'Entity Boosted', 'search_type': 'entity_boosted', 'rrf_k': 60, 'boost_question': 5.0, 'boost_text': 5.0}
2026-05-31 15:35:38,276 - __main__ - INFO - Collection: faqs_bge_base_en_v1_5_qa
2026-05-31 15:35:38,461 - rag_pipeline.ingestion.embedding_cache - INFO - Loaded embeddings from cache: /workspaces/RAG-a-muffin/experiments/embeddings/queries_baai_bge_base_en_v1.5.npy shape=(463, 768)
2026-05-31 15:35:43,339 - __main__ - INFO -     Hit@5=98.5%  MRR=0.9377
2026-05-31 15:35:43,348 - __main__ - INFO - QueryResults saved → /workspaces/RAG-a-muffin/experiments/results/entity_boosted_query_results.jsonl
2026-05-31 15:35:44,732 - rag_pipeline.ingestion.benchmark_persistence - INFO - Saved benchmark results to /workspaces/RAG-a-muffin/experiments/results/benchmark_results.json
2026-05-31 15:35:44,733 - __main__ - INFO - ✅ Benchmark complete!

--- CMD: uv run python -m rag_pipeline.ingestion.ingest_models --models "BAAI/bge-base-en-v1.5" --encode-mode "qa" --no-skip-existing
--- RC: 0
2026-05-31 15:38:02,041 - rag_pipeline.ingestion.benchmark_loader - INFO - Loaded 11 model entries from /workspaces/RAG-a-muffin/configs/models.json
2026-05-31 15:38:02,328 - __main__ - INFO - Loaded 1207 documents from /workspaces/RAG-a-muffin/data/processed/clean.jsonl (0 skipped)
2026-05-31 15:38:02,431 - __main__ - INFO - Connected to Qdrant at localhost:6333
2026-05-31 15:38:02,431 - rag_pipeline.ingestion.benchmark_loader - INFO - Loaded 11 model entries from /workspaces/RAG-a-muffin/configs/models.json
2026-05-31 15:38:02,431 - __main__ - INFO - Ingesting 1 model(s): ['BAAI/bge-base-en-v1.5']
2026-05-31 15:38:02,432 - __main__ - INFO - ============================================================
2026-05-31 15:38:02,432 - __main__ - INFO - Model      : BAAI/bge-base-en-v1.5
2026-05-31 15:38:02,432 - __main__ - INFO - Collection : faqs_bge_base_en_v1_5_qa
2026-05-31 15:38:02,435 - __main__ - INFO - Loaded embeddings from cache: /workspaces/RAG-a-muffin/experiments/embeddings/bge_base_en_v1_5_qa.npy shape=(1207, 768)
2026-05-31 15:38:02,435 - __main__ - INFO - Embedding dims: 768
2026-05-31 15:38:02,912 - __main__ - INFO - Loaded NER enrichment for 1207 documents for 'BAAI/bge-base-en-v1.5'
2026-05-31 15:38:02,938 - __main__ - INFO - ✅ NER coverage: 1207/1207 documents (100%)
2026-05-31 15:38:02,945 - __main__ - INFO - Deleting existing collection: faqs_bge_base_en_v1_5_qa
2026-05-31 15:38:03,050 - __main__ - INFO - Upserting 1207 points to Qdrant…

Batches:   0%|          | 0/13 [00:00<?, ?it/s]
Batches:  15%|█▌        | 2/13 [00:00<00:00, 11.85it/s]
Batches:  31%|███       | 4/13 [00:00<00:00, 12.54it/s]
Batches:  46%|████▌     | 6/13 [00:00<00:00, 13.00it/s]
Batches:  62%|██████▏   | 8/13 [00:00<00:00, 13.29it/s]
Batches:  77%|███████▋  | 10/13 [00:00<00:00, 13.48it/s]
Batches:  92%|█████████▏| 12/13 [00:00<00:00, 13.51it/s]
Batches: 100%|██████████| 13/13 [00:00<00:00, 14.13it/s]
2026-05-31 15:38:03,978 - __main__ - INFO - ✅ Done: 1207 documents indexed in 'faqs_bge_base_en_v1_5_qa'
2026-05-31 15:38:03,979 - __main__ - INFO - ============================================================
2026-05-31 15:38:03,979 - __main__ - INFO - INGESTION COMPLETE
2026-05-31 15:38:03,979 - __main__ - INFO - ============================================================
2026-05-31 15:38:03,979 - __main__ - INFO - Successful: 1 models
2026-05-31 15:38:03,979 - __main__ - INFO -    - BAAI/bge-base-en-v1.5
2026-05-31 15:38:03,979 - __main__ - INFO - All models ingested successfully.

--- CMD: uv run python -m rag_pipeline.ingestion.benchmark --model "BAAI/bge-base-en-v1.5" --configs entity_boosted --collection "faqs_bge_base_en_v1_5_qa"
--- RC: 0
[INFO] Running on 463 queries (full dataset: True)

==============================================================================================================
                                          RETRIEVAL BENCHMARK REPORT                                          
==============================================================================================================

Model                          Config                    H@1      H@5      MRR    p50(ms)
------------------------------ -------------------- -------- -------- -------- ----------
bge-base-en-v1.5               entity_boosted         80.3%   95.9%  0.8719       8.8

==============================================================================================================
OVERALL WINNER: bge-base-en-v1.5 | entity_boosted (MRR: 0.8719)
==============================================================================================================
2026-05-31 15:38:08,841 - rag_pipeline.ingestion.benchmark_loader - INFO - Loaded 11 model entries from /workspaces/RAG-a-muffin/configs/models.json
2026-05-31 15:38:08,841 - rag_pipeline.ingestion.benchmark_loader - INFO - Loaded 14 retrieval configs from /workspaces/RAG-a-muffin/configs/retrieval_configs.json
2026-05-31 15:38:08,841 - __main__ - INFO - Running configs subset: ['entity_boosted']
2026-05-31 15:38:08,851 - rag_pipeline.ingestion.benchmark_loader - WARNING - Test set line 315: expected_id 'da9f03ae67' not in corpus - skipping
2026-05-31 15:38:08,852 - rag_pipeline.ingestion.benchmark_loader - WARNING - Test set line 316: expected_id 'da9f03ae67' not in corpus - skipping
2026-05-31 15:38:08,852 - rag_pipeline.ingestion.benchmark_loader - WARNING - Test set line 317: expected_id 'da9f03ae67' not in corpus - skipping
2026-05-31 15:38:08,852 - rag_pipeline.ingestion.benchmark_loader - WARNING - Test set line 318: expected_id 'da9f03ae67' not in corpus - skipping
2026-05-31 15:38:08,852 - rag_pipeline.ingestion.benchmark_loader - WARNING - Test set line 319: expected_id 'da9f03ae67' not in corpus - skipping
2026-05-31 15:38:08,852 - rag_pipeline.ingestion.benchmark_loader - WARNING - Test set line 320: expected_id 'da9f03ae67' not in corpus - skipping
2026-05-31 15:38:08,852 - rag_pipeline.ingestion.benchmark_loader - WARNING - Test set line 321: expected_id 'da9f03ae67' not in corpus - skipping
2026-05-31 15:38:08,853 - rag_pipeline.ingestion.benchmark_loader - INFO - Loaded 463 test queries from /workspaces/RAG-a-muffin/data/processed/test.jsonl (7 skipped)
2026-05-31 15:38:08,853 - rag_pipeline.ingestion.benchmark_loader - INFO - Loaded 11 model entries from /workspaces/RAG-a-muffin/configs/models.json
2026-05-31 15:38:16,502 - rag_pipeline.ingestion.benchmark_loader - INFO - Loaded 1207 topic assignments for model 'BAAI/bge-base-en-v1.5' from /workspaces/RAG-a-muffin/src/rag_pipeline/eda/topics/output/topic_assignments_all.json
2026-05-31 15:38:16,526 - __main__ - INFO - Evaluating BAAI/bge-base-en-v1.5 | Configs: ['entity_boosted']
2026-05-31 15:38:16,526 - __main__ - INFO -   Running: entity_boosted
2026-05-31 15:38:16,526 - __main__ - INFO - Config dict: {'name': 'Entity Boosted', 'search_type': 'entity_boosted', 'rrf_k': 60, 'boost_question': 5.0, 'boost_text': 5.0}
2026-05-31 15:38:16,526 - __main__ - INFO - Collection: faqs_bge_base_en_v1_5_qa
2026-05-31 15:38:16,705 - rag_pipeline.ingestion.embedding_cache - INFO - Loaded embeddings from cache: /workspaces/RAG-a-muffin/experiments/embeddings/queries_baai_bge_base_en_v1.5.npy shape=(463, 768)
2026-05-31 15:38:20,916 - __main__ - INFO -     Hit@5=95.9%  MRR=0.8719
2026-05-31 15:38:20,925 - __main__ - INFO - QueryResults saved → /workspaces/RAG-a-muffin/experiments/results/entity_boosted_query_results.jsonl
2026-05-31 15:38:22,257 - rag_pipeline.ingestion.benchmark_persistence - INFO - Saved benchmark results to /workspaces/RAG-a-muffin/experiments/results/benchmark_results.json
2026-05-31 15:38:22,258 - __main__ - INFO - ✅ Benchmark complete!
